------------------------------------------------------------
TimeQuest Timing Analyzer Summary
------------------------------------------------------------

Type  : Slow 1200mV 85C Model Setup 'comb_5|MTL_PLL_inst|altpll_component|auto_generated|pll1|clk[0]'
Slack : -3.723
TNS   : -59.082

Type  : Slow 1200mV 85C Model Setup 'CLOCK_50'
Slack : -2.212
TNS   : -22.097

Type  : Slow 1200mV 85C Model Setup 'altera_reserved_tck'
Slack : 41.042
TNS   : 0.000

Type  : Slow 1200mV 85C Model Hold 'CLOCK_50'
Slack : 0.229
TNS   : 0.000

Type  : Slow 1200mV 85C Model Hold 'altera_reserved_tck'
Slack : 0.358
TNS   : 0.000

Type  : Slow 1200mV 85C Model Hold 'comb_5|MTL_PLL_inst|altpll_component|auto_generated|pll1|clk[0]'
Slack : 0.458
TNS   : 0.000

Type  : Slow 1200mV 85C Model Recovery 'comb_5|MTL_PLL_inst|altpll_component|auto_generated|pll1|clk[0]'
Slack : -4.507
TNS   : -211.664

Type  : Slow 1200mV 85C Model Recovery 'CLOCK_50'
Slack : 17.125
TNS   : 0.000

Type  : Slow 1200mV 85C Model Recovery 'altera_reserved_tck'
Slack : 48.631
TNS   : 0.000

Type  : Slow 1200mV 85C Model Removal 'altera_reserved_tck'
Slack : 1.113
TNS   : 0.000

Type  : Slow 1200mV 85C Model Removal 'CLOCK_50'
Slack : 1.971
TNS   : 0.000

Type  : Slow 1200mV 85C Model Removal 'comb_5|MTL_PLL_inst|altpll_component|auto_generated|pll1|clk[0]'
Slack : 3.769
TNS   : 0.000

Type  : Slow 1200mV 85C Model Minimum Pulse Width 'CLOCK_50'
Slack : 9.484
TNS   : 0.000

Type  : Slow 1200mV 85C Model Minimum Pulse Width 'comb_5|MTL_PLL_inst|altpll_component|auto_generated|pll1|clk[0]'
Slack : 14.897
TNS   : 0.000

Type  : Slow 1200mV 85C Model Minimum Pulse Width 'altera_reserved_tck'
Slack : 49.495
TNS   : 0.000

Type  : Slow 1200mV 0C Model Setup 'comb_5|MTL_PLL_inst|altpll_component|auto_generated|pll1|clk[0]'
Slack : -3.215
TNS   : -50.935

Type  : Slow 1200mV 0C Model Setup 'CLOCK_50'
Slack : -1.727
TNS   : -15.363

Type  : Slow 1200mV 0C Model Setup 'altera_reserved_tck'
Slack : 42.091
TNS   : 0.000

Type  : Slow 1200mV 0C Model Hold 'CLOCK_50'
Slack : 0.226
TNS   : 0.000

Type  : Slow 1200mV 0C Model Hold 'altera_reserved_tck'
Slack : 0.311
TNS   : 0.000

Type  : Slow 1200mV 0C Model Hold 'comb_5|MTL_PLL_inst|altpll_component|auto_generated|pll1|clk[0]'
Slack : 0.407
TNS   : 0.000

Type  : Slow 1200mV 0C Model Recovery 'comb_5|MTL_PLL_inst|altpll_component|auto_generated|pll1|clk[0]'
Slack : -3.916
TNS   : -183.597

Type  : Slow 1200mV 0C Model Recovery 'CLOCK_50'
Slack : 17.463
TNS   : 0.000

Type  : Slow 1200mV 0C Model Recovery 'altera_reserved_tck'
Slack : 48.845
TNS   : 0.000

Type  : Slow 1200mV 0C Model Removal 'altera_reserved_tck'
Slack : 1.017
TNS   : 0.000

Type  : Slow 1200mV 0C Model Removal 'CLOCK_50'
Slack : 1.753
TNS   : 0.000

Type  : Slow 1200mV 0C Model Removal 'comb_5|MTL_PLL_inst|altpll_component|auto_generated|pll1|clk[0]'
Slack : 3.312
TNS   : 0.000

Type  : Slow 1200mV 0C Model Minimum Pulse Width 'CLOCK_50'
Slack : 9.484
TNS   : 0.000

Type  : Slow 1200mV 0C Model Minimum Pulse Width 'comb_5|MTL_PLL_inst|altpll_component|auto_generated|pll1|clk[0]'
Slack : 14.894
TNS   : 0.000

Type  : Slow 1200mV 0C Model Minimum Pulse Width 'altera_reserved_tck'
Slack : 49.444
TNS   : 0.000

Type  : Fast 1200mV 0C Model Setup 'comb_5|MTL_PLL_inst|altpll_component|auto_generated|pll1|clk[0]'
Slack : -1.937
TNS   : -30.523

Type  : Fast 1200mV 0C Model Setup 'CLOCK_50'
Slack : -0.856
TNS   : -7.536

Type  : Fast 1200mV 0C Model Setup 'altera_reserved_tck'
Slack : 45.193
TNS   : 0.000

Type  : Fast 1200mV 0C Model Hold 'CLOCK_50'
Slack : 0.086
TNS   : 0.000

Type  : Fast 1200mV 0C Model Hold 'altera_reserved_tck'
Slack : 0.187
TNS   : 0.000

Type  : Fast 1200mV 0C Model Hold 'comb_5|MTL_PLL_inst|altpll_component|auto_generated|pll1|clk[0]'
Slack : 0.243
TNS   : 0.000

Type  : Fast 1200mV 0C Model Recovery 'comb_5|MTL_PLL_inst|altpll_component|auto_generated|pll1|clk[0]'
Slack : -2.441
TNS   : -114.629

Type  : Fast 1200mV 0C Model Recovery 'CLOCK_50'
Slack : 18.325
TNS   : 0.000

Type  : Fast 1200mV 0C Model Recovery 'altera_reserved_tck'
Slack : 49.547
TNS   : 0.000

Type  : Fast 1200mV 0C Model Removal 'altera_reserved_tck'
Slack : 0.603
TNS   : 0.000

Type  : Fast 1200mV 0C Model Removal 'CLOCK_50'
Slack : 1.142
TNS   : 0.000

Type  : Fast 1200mV 0C Model Removal 'comb_5|MTL_PLL_inst|altpll_component|auto_generated|pll1|clk[0]'
Slack : 2.175
TNS   : 0.000

Type  : Fast 1200mV 0C Model Minimum Pulse Width 'CLOCK_50'
Slack : 9.206
TNS   : 0.000

Type  : Fast 1200mV 0C Model Minimum Pulse Width 'comb_5|MTL_PLL_inst|altpll_component|auto_generated|pll1|clk[0]'
Slack : 14.933
TNS   : 0.000

Type  : Fast 1200mV 0C Model Minimum Pulse Width 'altera_reserved_tck'
Slack : 49.297
TNS   : 0.000

------------------------------------------------------------
