------------------------------------------------------------
TimeQuest Timing Analyzer Summary
------------------------------------------------------------

Type  : Slow 1200mV 85C Model Setup 'comb_5|MTL_PLL_inst|altpll_component|auto_generated|pll1|clk[0]'
Slack : -6.236
TNS   : -87.041

Type  : Slow 1200mV 85C Model Setup 'CLOCK_50'
Slack : -2.723
TNS   : -30.963

Type  : Slow 1200mV 85C Model Setup 'altera_reserved_tck'
Slack : 42.304
TNS   : 0.000

Type  : Slow 1200mV 85C Model Hold 'CLOCK_50'
Slack : 0.289
TNS   : 0.000

Type  : Slow 1200mV 85C Model Hold 'altera_reserved_tck'
Slack : 0.358
TNS   : 0.000

Type  : Slow 1200mV 85C Model Hold 'comb_5|MTL_PLL_inst|altpll_component|auto_generated|pll1|clk[0]'
Slack : 0.509
TNS   : 0.000

Type  : Slow 1200mV 85C Model Recovery 'comb_5|MTL_PLL_inst|altpll_component|auto_generated|pll1|clk[0]'
Slack : -4.383
TNS   : -200.807

Type  : Slow 1200mV 85C Model Recovery 'CLOCK_50'
Slack : 17.283
TNS   : 0.000

Type  : Slow 1200mV 85C Model Recovery 'altera_reserved_tck'
Slack : 48.654
TNS   : 0.000

Type  : Slow 1200mV 85C Model Removal 'altera_reserved_tck'
Slack : 1.192
TNS   : 0.000

Type  : Slow 1200mV 85C Model Removal 'CLOCK_50'
Slack : 1.841
TNS   : 0.000

Type  : Slow 1200mV 85C Model Removal 'comb_5|MTL_PLL_inst|altpll_component|auto_generated|pll1|clk[0]'
Slack : 3.660
TNS   : 0.000

Type  : Slow 1200mV 85C Model Minimum Pulse Width 'CLOCK_50'
Slack : 9.483
TNS   : 0.000

Type  : Slow 1200mV 85C Model Minimum Pulse Width 'comb_5|MTL_PLL_inst|altpll_component|auto_generated|pll1|clk[0]'
Slack : 14.899
TNS   : 0.000

Type  : Slow 1200mV 85C Model Minimum Pulse Width 'altera_reserved_tck'
Slack : 49.494
TNS   : 0.000

Type  : Slow 1200mV 0C Model Setup 'comb_5|MTL_PLL_inst|altpll_component|auto_generated|pll1|clk[0]'
Slack : -5.441
TNS   : -76.065

Type  : Slow 1200mV 0C Model Setup 'CLOCK_50'
Slack : -2.431
TNS   : -26.939

Type  : Slow 1200mV 0C Model Setup 'altera_reserved_tck'
Slack : 43.186
TNS   : 0.000

Type  : Slow 1200mV 0C Model Hold 'CLOCK_50'
Slack : 0.288
TNS   : 0.000

Type  : Slow 1200mV 0C Model Hold 'altera_reserved_tck'
Slack : 0.311
TNS   : 0.000

Type  : Slow 1200mV 0C Model Hold 'comb_5|MTL_PLL_inst|altpll_component|auto_generated|pll1|clk[0]'
Slack : 0.467
TNS   : 0.000

Type  : Slow 1200mV 0C Model Recovery 'comb_5|MTL_PLL_inst|altpll_component|auto_generated|pll1|clk[0]'
Slack : -3.790
TNS   : -173.231

Type  : Slow 1200mV 0C Model Recovery 'CLOCK_50'
Slack : 17.595
TNS   : 0.000

Type  : Slow 1200mV 0C Model Recovery 'altera_reserved_tck'
Slack : 48.863
TNS   : 0.000

Type  : Slow 1200mV 0C Model Removal 'altera_reserved_tck'
Slack : 1.076
TNS   : 0.000

Type  : Slow 1200mV 0C Model Removal 'CLOCK_50'
Slack : 1.636
TNS   : 0.000

Type  : Slow 1200mV 0C Model Removal 'comb_5|MTL_PLL_inst|altpll_component|auto_generated|pll1|clk[0]'
Slack : 3.212
TNS   : 0.000

Type  : Slow 1200mV 0C Model Minimum Pulse Width 'CLOCK_50'
Slack : 9.485
TNS   : 0.000

Type  : Slow 1200mV 0C Model Minimum Pulse Width 'comb_5|MTL_PLL_inst|altpll_component|auto_generated|pll1|clk[0]'
Slack : 14.891
TNS   : 0.000

Type  : Slow 1200mV 0C Model Minimum Pulse Width 'altera_reserved_tck'
Slack : 49.445
TNS   : 0.000

Type  : Fast 1200mV 0C Model Setup 'comb_5|MTL_PLL_inst|altpll_component|auto_generated|pll1|clk[0]'
Slack : -3.317
TNS   : -46.399

Type  : Fast 1200mV 0C Model Setup 'CLOCK_50'
Slack : -1.347
TNS   : -14.316

Type  : Fast 1200mV 0C Model Setup 'altera_reserved_tck'
Slack : 45.911
TNS   : 0.000

Type  : Fast 1200mV 0C Model Hold 'CLOCK_50'
Slack : 0.134
TNS   : 0.000

Type  : Fast 1200mV 0C Model Hold 'altera_reserved_tck'
Slack : 0.187
TNS   : 0.000

Type  : Fast 1200mV 0C Model Hold 'comb_5|MTL_PLL_inst|altpll_component|auto_generated|pll1|clk[0]'
Slack : 0.258
TNS   : 0.000

Type  : Fast 1200mV 0C Model Recovery 'comb_5|MTL_PLL_inst|altpll_component|auto_generated|pll1|clk[0]'
Slack : -2.367
TNS   : -108.455

Type  : Fast 1200mV 0C Model Recovery 'CLOCK_50'
Slack : 18.396
TNS   : 0.000

Type  : Fast 1200mV 0C Model Recovery 'altera_reserved_tck'
Slack : 49.556
TNS   : 0.000

Type  : Fast 1200mV 0C Model Removal 'altera_reserved_tck'
Slack : 0.655
TNS   : 0.000

Type  : Fast 1200mV 0C Model Removal 'CLOCK_50'
Slack : 1.077
TNS   : 0.000

Type  : Fast 1200mV 0C Model Removal 'comb_5|MTL_PLL_inst|altpll_component|auto_generated|pll1|clk[0]'
Slack : 2.119
TNS   : 0.000

Type  : Fast 1200mV 0C Model Minimum Pulse Width 'CLOCK_50'
Slack : 9.206
TNS   : 0.000

Type  : Fast 1200mV 0C Model Minimum Pulse Width 'comb_5|MTL_PLL_inst|altpll_component|auto_generated|pll1|clk[0]'
Slack : 14.936
TNS   : 0.000

Type  : Fast 1200mV 0C Model Minimum Pulse Width 'altera_reserved_tck'
Slack : 49.296
TNS   : 0.000

------------------------------------------------------------
