------------------------------------------------------------
TimeQuest Timing Analyzer Summary
------------------------------------------------------------

Type  : Slow 1200mV 85C Model Setup 'comb_5|MTL_PLL_inst|altpll_component|auto_generated|pll1|clk[0]'
Slack : -4.100
TNS   : -65.249

Type  : Slow 1200mV 85C Model Setup 'CLOCK_50'
Slack : -2.695
TNS   : -26.852

Type  : Slow 1200mV 85C Model Setup 'altera_reserved_tck'
Slack : 42.426
TNS   : 0.000

Type  : Slow 1200mV 85C Model Hold 'CLOCK_50'
Slack : 0.298
TNS   : 0.000

Type  : Slow 1200mV 85C Model Hold 'altera_reserved_tck'
Slack : 0.358
TNS   : 0.000

Type  : Slow 1200mV 85C Model Hold 'comb_5|MTL_PLL_inst|altpll_component|auto_generated|pll1|clk[0]'
Slack : 0.490
TNS   : 0.000

Type  : Slow 1200mV 85C Model Recovery 'comb_5|MTL_PLL_inst|altpll_component|auto_generated|pll1|clk[0]'
Slack : -4.641
TNS   : -218.113

Type  : Slow 1200mV 85C Model Recovery 'CLOCK_50'
Slack : 17.042
TNS   : 0.000

Type  : Slow 1200mV 85C Model Recovery 'altera_reserved_tck'
Slack : 96.380
TNS   : 0.000

Type  : Slow 1200mV 85C Model Removal 'altera_reserved_tck'
Slack : 0.893
TNS   : 0.000

Type  : Slow 1200mV 85C Model Removal 'CLOCK_50'
Slack : 2.075
TNS   : 0.000

Type  : Slow 1200mV 85C Model Removal 'comb_5|MTL_PLL_inst|altpll_component|auto_generated|pll1|clk[0]'
Slack : 3.881
TNS   : 0.000

Type  : Slow 1200mV 85C Model Minimum Pulse Width 'CLOCK_50'
Slack : 9.485
TNS   : 0.000

Type  : Slow 1200mV 85C Model Minimum Pulse Width 'comb_5|MTL_PLL_inst|altpll_component|auto_generated|pll1|clk[0]'
Slack : 14.897
TNS   : 0.000

Type  : Slow 1200mV 85C Model Minimum Pulse Width 'altera_reserved_tck'
Slack : 49.489
TNS   : 0.000

Type  : Slow 1200mV 0C Model Setup 'comb_5|MTL_PLL_inst|altpll_component|auto_generated|pll1|clk[0]'
Slack : -3.550
TNS   : -56.394

Type  : Slow 1200mV 0C Model Setup 'CLOCK_50'
Slack : -2.471
TNS   : -22.041

Type  : Slow 1200mV 0C Model Setup 'altera_reserved_tck'
Slack : 43.247
TNS   : 0.000

Type  : Slow 1200mV 0C Model Hold 'CLOCK_50'
Slack : 0.294
TNS   : 0.000

Type  : Slow 1200mV 0C Model Hold 'altera_reserved_tck'
Slack : 0.311
TNS   : 0.000

Type  : Slow 1200mV 0C Model Hold 'comb_5|MTL_PLL_inst|altpll_component|auto_generated|pll1|clk[0]'
Slack : 0.452
TNS   : 0.000

Type  : Slow 1200mV 0C Model Recovery 'comb_5|MTL_PLL_inst|altpll_component|auto_generated|pll1|clk[0]'
Slack : -4.039
TNS   : -189.426

Type  : Slow 1200mV 0C Model Recovery 'CLOCK_50'
Slack : 17.368
TNS   : 0.000

Type  : Slow 1200mV 0C Model Recovery 'altera_reserved_tck'
Slack : 96.785
TNS   : 0.000

Type  : Slow 1200mV 0C Model Removal 'altera_reserved_tck'
Slack : 0.796
TNS   : 0.000

Type  : Slow 1200mV 0C Model Removal 'CLOCK_50'
Slack : 1.852
TNS   : 0.000

Type  : Slow 1200mV 0C Model Removal 'comb_5|MTL_PLL_inst|altpll_component|auto_generated|pll1|clk[0]'
Slack : 3.415
TNS   : 0.000

Type  : Slow 1200mV 0C Model Minimum Pulse Width 'CLOCK_50'
Slack : 9.485
TNS   : 0.000

Type  : Slow 1200mV 0C Model Minimum Pulse Width 'comb_5|MTL_PLL_inst|altpll_component|auto_generated|pll1|clk[0]'
Slack : 14.894
TNS   : 0.000

Type  : Slow 1200mV 0C Model Minimum Pulse Width 'altera_reserved_tck'
Slack : 49.441
TNS   : 0.000

Type  : Fast 1200mV 0C Model Setup 'comb_5|MTL_PLL_inst|altpll_component|auto_generated|pll1|clk[0]'
Slack : -2.175
TNS   : -34.446

Type  : Fast 1200mV 0C Model Setup 'CLOCK_50'
Slack : -1.343
TNS   : -11.883

Type  : Fast 1200mV 0C Model Setup 'altera_reserved_tck'
Slack : 45.982
TNS   : 0.000

Type  : Fast 1200mV 0C Model Hold 'CLOCK_50'
Slack : 0.139
TNS   : 0.000

Type  : Fast 1200mV 0C Model Hold 'altera_reserved_tck'
Slack : 0.186
TNS   : 0.000

Type  : Fast 1200mV 0C Model Hold 'comb_5|MTL_PLL_inst|altpll_component|auto_generated|pll1|clk[0]'
Slack : 0.251
TNS   : 0.000

Type  : Fast 1200mV 0C Model Recovery 'comb_5|MTL_PLL_inst|altpll_component|auto_generated|pll1|clk[0]'
Slack : -2.540
TNS   : -119.324

Type  : Fast 1200mV 0C Model Recovery 'CLOCK_50'
Slack : 18.235
TNS   : 0.000

Type  : Fast 1200mV 0C Model Recovery 'altera_reserved_tck'
Slack : 97.825
TNS   : 0.000

Type  : Fast 1200mV 0C Model Removal 'altera_reserved_tck'
Slack : 0.499
TNS   : 0.000

Type  : Fast 1200mV 0C Model Removal 'CLOCK_50'
Slack : 1.217
TNS   : 0.000

Type  : Fast 1200mV 0C Model Removal 'comb_5|MTL_PLL_inst|altpll_component|auto_generated|pll1|clk[0]'
Slack : 2.258
TNS   : 0.000

Type  : Fast 1200mV 0C Model Minimum Pulse Width 'CLOCK_50'
Slack : 9.206
TNS   : 0.000

Type  : Fast 1200mV 0C Model Minimum Pulse Width 'comb_5|MTL_PLL_inst|altpll_component|auto_generated|pll1|clk[0]'
Slack : 14.933
TNS   : 0.000

Type  : Fast 1200mV 0C Model Minimum Pulse Width 'altera_reserved_tck'
Slack : 49.292
TNS   : 0.000

------------------------------------------------------------
