------------------------------------------------------------
TimeQuest Timing Analyzer Summary
------------------------------------------------------------

Type  : Slow 1200mV 85C Model Setup 'u0|mtl_ip|controller|MTL_PLL_inst|altpll_component|auto_generated|pll1|clk[0]'
Slack : -16.242
TNS   : -362.914

Type  : Slow 1200mV 85C Model Setup 'CLOCK_50'
Slack : -2.100
TNS   : -11.320

Type  : Slow 1200mV 85C Model Setup 'altera_reserved_tck'
Slack : 44.935
TNS   : 0.000

Type  : Slow 1200mV 85C Model Hold 'CLOCK_50'
Slack : 0.271
TNS   : 0.000

Type  : Slow 1200mV 85C Model Hold 'altera_reserved_tck'
Slack : 0.358
TNS   : 0.000

Type  : Slow 1200mV 85C Model Hold 'u0|mtl_ip|controller|MTL_PLL_inst|altpll_component|auto_generated|pll1|clk[0]'
Slack : 0.371
TNS   : 0.000

Type  : Slow 1200mV 85C Model Recovery 'u0|mtl_ip|controller|MTL_PLL_inst|altpll_component|auto_generated|pll1|clk[0]'
Slack : -4.500
TNS   : -206.793

Type  : Slow 1200mV 85C Model Recovery 'CLOCK_50'
Slack : 14.863
TNS   : 0.000

Type  : Slow 1200mV 85C Model Recovery 'altera_reserved_tck'
Slack : 48.371
TNS   : 0.000

Type  : Slow 1200mV 85C Model Removal 'altera_reserved_tck'
Slack : 1.084
TNS   : 0.000

Type  : Slow 1200mV 85C Model Removal 'CLOCK_50'
Slack : 1.961
TNS   : 0.000

Type  : Slow 1200mV 85C Model Removal 'u0|mtl_ip|controller|MTL_PLL_inst|altpll_component|auto_generated|pll1|clk[0]'
Slack : 3.759
TNS   : 0.000

Type  : Slow 1200mV 85C Model Minimum Pulse Width 'CLOCK_50'
Slack : 9.407
TNS   : 0.000

Type  : Slow 1200mV 85C Model Minimum Pulse Width 'u0|mtl_ip|controller|MTL_PLL_inst|altpll_component|auto_generated|pll1|clk[0]'
Slack : 14.895
TNS   : 0.000

Type  : Slow 1200mV 85C Model Minimum Pulse Width 'altera_reserved_tck'
Slack : 49.542
TNS   : 0.000

Type  : Slow 1200mV 0C Model Setup 'u0|mtl_ip|controller|MTL_PLL_inst|altpll_component|auto_generated|pll1|clk[0]'
Slack : -14.441
TNS   : -322.821

Type  : Slow 1200mV 0C Model Setup 'CLOCK_50'
Slack : 0.331
TNS   : 0.000

Type  : Slow 1200mV 0C Model Setup 'altera_reserved_tck'
Slack : 45.564
TNS   : 0.000

Type  : Slow 1200mV 0C Model Hold 'CLOCK_50'
Slack : 0.270
TNS   : 0.000

Type  : Slow 1200mV 0C Model Hold 'altera_reserved_tck'
Slack : 0.311
TNS   : 0.000

Type  : Slow 1200mV 0C Model Hold 'u0|mtl_ip|controller|MTL_PLL_inst|altpll_component|auto_generated|pll1|clk[0]'
Slack : 0.337
TNS   : 0.000

Type  : Slow 1200mV 0C Model Recovery 'u0|mtl_ip|controller|MTL_PLL_inst|altpll_component|auto_generated|pll1|clk[0]'
Slack : -3.905
TNS   : -179.014

Type  : Slow 1200mV 0C Model Recovery 'CLOCK_50'
Slack : 15.419
TNS   : 0.000

Type  : Slow 1200mV 0C Model Recovery 'altera_reserved_tck'
Slack : 48.603
TNS   : 0.000

Type  : Slow 1200mV 0C Model Removal 'altera_reserved_tck'
Slack : 0.985
TNS   : 0.000

Type  : Slow 1200mV 0C Model Removal 'CLOCK_50'
Slack : 1.753
TNS   : 0.000

Type  : Slow 1200mV 0C Model Removal 'u0|mtl_ip|controller|MTL_PLL_inst|altpll_component|auto_generated|pll1|clk[0]'
Slack : 3.306
TNS   : 0.000

Type  : Slow 1200mV 0C Model Minimum Pulse Width 'CLOCK_50'
Slack : 9.428
TNS   : 0.000

Type  : Slow 1200mV 0C Model Minimum Pulse Width 'u0|mtl_ip|controller|MTL_PLL_inst|altpll_component|auto_generated|pll1|clk[0]'
Slack : 14.889
TNS   : 0.000

Type  : Slow 1200mV 0C Model Minimum Pulse Width 'altera_reserved_tck'
Slack : 49.499
TNS   : 0.000

Type  : Fast 1200mV 0C Model Setup 'u0|mtl_ip|controller|MTL_PLL_inst|altpll_component|auto_generated|pll1|clk[0]'
Slack : -9.554
TNS   : -214.578

Type  : Fast 1200mV 0C Model Setup 'CLOCK_50'
Slack : 5.311
TNS   : 0.000

Type  : Fast 1200mV 0C Model Setup 'altera_reserved_tck'
Slack : 47.431
TNS   : 0.000

Type  : Fast 1200mV 0C Model Hold 'CLOCK_50'
Slack : 0.121
TNS   : 0.000

Type  : Fast 1200mV 0C Model Hold 'altera_reserved_tck'
Slack : 0.186
TNS   : 0.000

Type  : Fast 1200mV 0C Model Hold 'u0|mtl_ip|controller|MTL_PLL_inst|altpll_component|auto_generated|pll1|clk[0]'
Slack : 0.192
TNS   : 0.000

Type  : Fast 1200mV 0C Model Recovery 'u0|mtl_ip|controller|MTL_PLL_inst|altpll_component|auto_generated|pll1|clk[0]'
Slack : -2.439
TNS   : -112.162

Type  : Fast 1200mV 0C Model Recovery 'CLOCK_50'
Slack : 16.940
TNS   : 0.000

Type  : Fast 1200mV 0C Model Recovery 'altera_reserved_tck'
Slack : 49.371
TNS   : 0.000

Type  : Fast 1200mV 0C Model Removal 'altera_reserved_tck'
Slack : 0.584
TNS   : 0.000

Type  : Fast 1200mV 0C Model Removal 'CLOCK_50'
Slack : 1.141
TNS   : 0.000

Type  : Fast 1200mV 0C Model Removal 'u0|mtl_ip|controller|MTL_PLL_inst|altpll_component|auto_generated|pll1|clk[0]'
Slack : 2.173
TNS   : 0.000

Type  : Fast 1200mV 0C Model Minimum Pulse Width 'CLOCK_50'
Slack : 9.201
TNS   : 0.000

Type  : Fast 1200mV 0C Model Minimum Pulse Width 'u0|mtl_ip|controller|MTL_PLL_inst|altpll_component|auto_generated|pll1|clk[0]'
Slack : 14.933
TNS   : 0.000

Type  : Fast 1200mV 0C Model Minimum Pulse Width 'altera_reserved_tck'
Slack : 49.310
TNS   : 0.000

------------------------------------------------------------
