------------------------------------------------------------
TimeQuest Timing Analyzer Summary
------------------------------------------------------------

Type  : Slow 1200mV 85C Model Setup 'mtl_ctrl_inst|MTL_PLL_inst|altpll_component|auto_generated|pll1|clk[0]'
Slack : -6.213
TNS   : -175.371

Type  : Slow 1200mV 85C Model Setup 'mmu_inst|RAM_PLL_inst|altpll_component|auto_generated|pll1|clk[0]'
Slack : -5.109
TNS   : -227.181

Type  : Slow 1200mV 85C Model Setup 'CLOCK_50'
Slack : -1.517
TNS   : -2.898

Type  : Slow 1200mV 85C Model Setup 'altera_reserved_tck'
Slack : 44.731
TNS   : 0.000

Type  : Slow 1200mV 85C Model Hold 'mmu_inst|RAM_PLL_inst|altpll_component|auto_generated|pll1|clk[0]'
Slack : 0.220
TNS   : 0.000

Type  : Slow 1200mV 85C Model Hold 'CLOCK_50'
Slack : 0.284
TNS   : 0.000

Type  : Slow 1200mV 85C Model Hold 'mtl_ctrl_inst|MTL_PLL_inst|altpll_component|auto_generated|pll1|clk[0]'
Slack : 0.329
TNS   : 0.000

Type  : Slow 1200mV 85C Model Hold 'altera_reserved_tck'
Slack : 0.358
TNS   : 0.000

Type  : Slow 1200mV 85C Model Recovery 'mtl_ctrl_inst|MTL_PLL_inst|altpll_component|auto_generated|pll1|clk[0]'
Slack : -4.477
TNS   : -358.016

Type  : Slow 1200mV 85C Model Recovery 'mmu_inst|RAM_PLL_inst|altpll_component|auto_generated|pll1|clk[0]'
Slack : -2.052
TNS   : -3.957

Type  : Slow 1200mV 85C Model Recovery 'CLOCK_50'
Slack : 7.161
TNS   : 0.000

Type  : Slow 1200mV 85C Model Recovery 'altera_reserved_tck'
Slack : 48.372
TNS   : 0.000

Type  : Slow 1200mV 85C Model Removal 'CLOCK_50'
Slack : 0.683
TNS   : 0.000

Type  : Slow 1200mV 85C Model Removal 'mmu_inst|RAM_PLL_inst|altpll_component|auto_generated|pll1|clk[0]'
Slack : 0.789
TNS   : 0.000

Type  : Slow 1200mV 85C Model Removal 'mtl_ctrl_inst|MTL_PLL_inst|altpll_component|auto_generated|pll1|clk[0]'
Slack : 1.173
TNS   : 0.000

Type  : Slow 1200mV 85C Model Removal 'altera_reserved_tck'
Slack : 1.259
TNS   : 0.000

Type  : Slow 1200mV 85C Model Minimum Pulse Width 'mmu_inst|RAM_PLL_inst|altpll_component|auto_generated|pll1|clk[0]'
Slack : 4.740
TNS   : 0.000

Type  : Slow 1200mV 85C Model Minimum Pulse Width 'CLOCK_50'
Slack : 9.483
TNS   : 0.000

Type  : Slow 1200mV 85C Model Minimum Pulse Width 'mtl_ctrl_inst|MTL_PLL_inst|altpll_component|auto_generated|pll1|clk[0]'
Slack : 14.901
TNS   : 0.000

Type  : Slow 1200mV 85C Model Minimum Pulse Width 'altera_reserved_tck'
Slack : 49.489
TNS   : 0.000

Type  : Slow 1200mV 0C Model Setup 'mtl_ctrl_inst|MTL_PLL_inst|altpll_component|auto_generated|pll1|clk[0]'
Slack : -5.473
TNS   : -152.443

Type  : Slow 1200mV 0C Model Setup 'mmu_inst|RAM_PLL_inst|altpll_component|auto_generated|pll1|clk[0]'
Slack : -4.557
TNS   : -203.385

Type  : Slow 1200mV 0C Model Setup 'CLOCK_50'
Slack : -1.323
TNS   : -2.478

Type  : Slow 1200mV 0C Model Setup 'altera_reserved_tck'
Slack : 45.339
TNS   : 0.000

Type  : Slow 1200mV 0C Model Hold 'mmu_inst|RAM_PLL_inst|altpll_component|auto_generated|pll1|clk[0]'
Slack : 0.218
TNS   : 0.000

Type  : Slow 1200mV 0C Model Hold 'CLOCK_50'
Slack : 0.288
TNS   : 0.000

Type  : Slow 1200mV 0C Model Hold 'mtl_ctrl_inst|MTL_PLL_inst|altpll_component|auto_generated|pll1|clk[0]'
Slack : 0.291
TNS   : 0.000

Type  : Slow 1200mV 0C Model Hold 'altera_reserved_tck'
Slack : 0.311
TNS   : 0.000

Type  : Slow 1200mV 0C Model Recovery 'mtl_ctrl_inst|MTL_PLL_inst|altpll_component|auto_generated|pll1|clk[0]'
Slack : -3.954
TNS   : -313.015

Type  : Slow 1200mV 0C Model Recovery 'mmu_inst|RAM_PLL_inst|altpll_component|auto_generated|pll1|clk[0]'
Slack : -1.799
TNS   : -3.476

Type  : Slow 1200mV 0C Model Recovery 'CLOCK_50'
Slack : 7.474
TNS   : 0.000

Type  : Slow 1200mV 0C Model Recovery 'altera_reserved_tck'
Slack : 48.601
TNS   : 0.000

Type  : Slow 1200mV 0C Model Removal 'CLOCK_50'
Slack : 0.630
TNS   : 0.000

Type  : Slow 1200mV 0C Model Removal 'mmu_inst|RAM_PLL_inst|altpll_component|auto_generated|pll1|clk[0]'
Slack : 0.687
TNS   : 0.000

Type  : Slow 1200mV 0C Model Removal 'mtl_ctrl_inst|MTL_PLL_inst|altpll_component|auto_generated|pll1|clk[0]'
Slack : 1.053
TNS   : 0.000

Type  : Slow 1200mV 0C Model Removal 'altera_reserved_tck'
Slack : 1.136
TNS   : 0.000

Type  : Slow 1200mV 0C Model Minimum Pulse Width 'mmu_inst|RAM_PLL_inst|altpll_component|auto_generated|pll1|clk[0]'
Slack : 4.738
TNS   : 0.000

Type  : Slow 1200mV 0C Model Minimum Pulse Width 'CLOCK_50'
Slack : 9.485
TNS   : 0.000

Type  : Slow 1200mV 0C Model Minimum Pulse Width 'mtl_ctrl_inst|MTL_PLL_inst|altpll_component|auto_generated|pll1|clk[0]'
Slack : 14.893
TNS   : 0.000

Type  : Slow 1200mV 0C Model Minimum Pulse Width 'altera_reserved_tck'
Slack : 49.441
TNS   : 0.000

Type  : Fast 1200mV 0C Model Setup 'mtl_ctrl_inst|MTL_PLL_inst|altpll_component|auto_generated|pll1|clk[0]'
Slack : -3.276
TNS   : -89.751

Type  : Fast 1200mV 0C Model Setup 'mmu_inst|RAM_PLL_inst|altpll_component|auto_generated|pll1|clk[0]'
Slack : -2.833
TNS   : -126.409

Type  : Fast 1200mV 0C Model Setup 'CLOCK_50'
Slack : -0.770
TNS   : -1.451

Type  : Fast 1200mV 0C Model Setup 'altera_reserved_tck'
Slack : 47.197
TNS   : 0.000

Type  : Fast 1200mV 0C Model Hold 'mmu_inst|RAM_PLL_inst|altpll_component|auto_generated|pll1|clk[0]'
Slack : 0.094
TNS   : 0.000

Type  : Fast 1200mV 0C Model Hold 'CLOCK_50'
Slack : 0.134
TNS   : 0.000

Type  : Fast 1200mV 0C Model Hold 'mtl_ctrl_inst|MTL_PLL_inst|altpll_component|auto_generated|pll1|clk[0]'
Slack : 0.179
TNS   : 0.000

Type  : Fast 1200mV 0C Model Hold 'altera_reserved_tck'
Slack : 0.186
TNS   : 0.000

Type  : Fast 1200mV 0C Model Recovery 'mtl_ctrl_inst|MTL_PLL_inst|altpll_component|auto_generated|pll1|clk[0]'
Slack : -2.449
TNS   : -194.859

Type  : Fast 1200mV 0C Model Recovery 'mmu_inst|RAM_PLL_inst|altpll_component|auto_generated|pll1|clk[0]'
Slack : -1.143
TNS   : -2.198

Type  : Fast 1200mV 0C Model Recovery 'CLOCK_50'
Slack : 8.696
TNS   : 0.000

Type  : Fast 1200mV 0C Model Recovery 'altera_reserved_tck'
Slack : 49.366
TNS   : 0.000

Type  : Fast 1200mV 0C Model Removal 'CLOCK_50'
Slack : 0.350
TNS   : 0.000

Type  : Fast 1200mV 0C Model Removal 'mmu_inst|RAM_PLL_inst|altpll_component|auto_generated|pll1|clk[0]'
Slack : 0.389
TNS   : 0.000

Type  : Fast 1200mV 0C Model Removal 'mtl_ctrl_inst|MTL_PLL_inst|altpll_component|auto_generated|pll1|clk[0]'
Slack : 0.647
TNS   : 0.000

Type  : Fast 1200mV 0C Model Removal 'altera_reserved_tck'
Slack : 0.701
TNS   : 0.000

Type  : Fast 1200mV 0C Model Minimum Pulse Width 'mmu_inst|RAM_PLL_inst|altpll_component|auto_generated|pll1|clk[0]'
Slack : 4.749
TNS   : 0.000

Type  : Fast 1200mV 0C Model Minimum Pulse Width 'CLOCK_50'
Slack : 9.206
TNS   : 0.000

Type  : Fast 1200mV 0C Model Minimum Pulse Width 'mtl_ctrl_inst|MTL_PLL_inst|altpll_component|auto_generated|pll1|clk[0]'
Slack : 14.905
TNS   : 0.000

Type  : Fast 1200mV 0C Model Minimum Pulse Width 'altera_reserved_tck'
Slack : 49.295
TNS   : 0.000

------------------------------------------------------------
