------------------------------------------------------------
TimeQuest Timing Analyzer Summary
------------------------------------------------------------

Type  : Slow 1200mV 85C Model Setup 'comb_5|MTL_PLL_inst|altpll_component|auto_generated|pll1|clk[0]'
Slack : -2.959
TNS   : -8.870

Type  : Slow 1200mV 85C Model Setup 'CLOCK_50'
Slack : -1.774
TNS   : -5.322

Type  : Slow 1200mV 85C Model Hold 'CLOCK_50'
Slack : 0.347
TNS   : 0.000

Type  : Slow 1200mV 85C Model Hold 'comb_5|MTL_PLL_inst|altpll_component|auto_generated|pll1|clk[0]'
Slack : 0.372
TNS   : 0.000

Type  : Slow 1200mV 85C Model Recovery 'comb_5|MTL_PLL_inst|altpll_component|auto_generated|pll1|clk[0]'
Slack : -4.401
TNS   : -205.846

Type  : Slow 1200mV 85C Model Recovery 'CLOCK_50'
Slack : 17.285
TNS   : 0.000

Type  : Slow 1200mV 85C Model Removal 'CLOCK_50'
Slack : 2.205
TNS   : 0.000

Type  : Slow 1200mV 85C Model Removal 'comb_5|MTL_PLL_inst|altpll_component|auto_generated|pll1|clk[0]'
Slack : 3.669
TNS   : 0.000

Type  : Slow 1200mV 85C Model Minimum Pulse Width 'CLOCK_50'
Slack : 9.592
TNS   : 0.000

Type  : Slow 1200mV 85C Model Minimum Pulse Width 'comb_5|MTL_PLL_inst|altpll_component|auto_generated|pll1|clk[0]'
Slack : 14.898
TNS   : 0.000

Type  : Slow 1200mV 0C Model Setup 'comb_5|MTL_PLL_inst|altpll_component|auto_generated|pll1|clk[0]'
Slack : -2.522
TNS   : -7.560

Type  : Slow 1200mV 0C Model Setup 'CLOCK_50'
Slack : -1.659
TNS   : -4.977

Type  : Slow 1200mV 0C Model Hold 'CLOCK_50'
Slack : 0.308
TNS   : 0.000

Type  : Slow 1200mV 0C Model Hold 'comb_5|MTL_PLL_inst|altpll_component|auto_generated|pll1|clk[0]'
Slack : 0.331
TNS   : 0.000

Type  : Slow 1200mV 0C Model Recovery 'comb_5|MTL_PLL_inst|altpll_component|auto_generated|pll1|clk[0]'
Slack : -3.810
TNS   : -177.841

Type  : Slow 1200mV 0C Model Recovery 'CLOCK_50'
Slack : 17.593
TNS   : 0.000

Type  : Slow 1200mV 0C Model Removal 'CLOCK_50'
Slack : 1.961
TNS   : 0.000

Type  : Slow 1200mV 0C Model Removal 'comb_5|MTL_PLL_inst|altpll_component|auto_generated|pll1|clk[0]'
Slack : 3.221
TNS   : 0.000

Type  : Slow 1200mV 0C Model Minimum Pulse Width 'CLOCK_50'
Slack : 9.591
TNS   : 0.000

Type  : Slow 1200mV 0C Model Minimum Pulse Width 'comb_5|MTL_PLL_inst|altpll_component|auto_generated|pll1|clk[0]'
Slack : 14.895
TNS   : 0.000

Type  : Fast 1200mV 0C Model Setup 'comb_5|MTL_PLL_inst|altpll_component|auto_generated|pll1|clk[0]'
Slack : -1.525
TNS   : -4.570

Type  : Fast 1200mV 0C Model Setup 'CLOCK_50'
Slack : -0.769
TNS   : -2.307

Type  : Fast 1200mV 0C Model Hold 'CLOCK_50'
Slack : 0.186
TNS   : 0.000

Type  : Fast 1200mV 0C Model Hold 'comb_5|MTL_PLL_inst|altpll_component|auto_generated|pll1|clk[0]'
Slack : 0.193
TNS   : 0.000

Type  : Fast 1200mV 0C Model Recovery 'comb_5|MTL_PLL_inst|altpll_component|auto_generated|pll1|clk[0]'
Slack : -2.380
TNS   : -111.239

Type  : Fast 1200mV 0C Model Recovery 'CLOCK_50'
Slack : 18.396
TNS   : 0.000

Type  : Fast 1200mV 0C Model Removal 'CLOCK_50'
Slack : 1.272
TNS   : 0.000

Type  : Fast 1200mV 0C Model Removal 'comb_5|MTL_PLL_inst|altpll_component|auto_generated|pll1|clk[0]'
Slack : 2.125
TNS   : 0.000

Type  : Fast 1200mV 0C Model Minimum Pulse Width 'CLOCK_50'
Slack : 9.257
TNS   : 0.000

Type  : Fast 1200mV 0C Model Minimum Pulse Width 'comb_5|MTL_PLL_inst|altpll_component|auto_generated|pll1|clk[0]'
Slack : 14.932
TNS   : 0.000

------------------------------------------------------------
