Archive member included to satisfy reference by file (symbol)

../MTL_bsp//libhal_bsp.a(alt_load.o)
                              ../MTL_bsp//obj/HAL/src/crt0.o (alt_load)
../MTL_bsp//libhal_bsp.a(alt_main.o)
                              ../MTL_bsp//obj/HAL/src/crt0.o (alt_main)
../MTL_bsp//libhal_bsp.a(alt_sys_init.o)
                              ../MTL_bsp//libhal_bsp.a(alt_main.o) (alt_irq_init)
../MTL_bsp//libhal_bsp.a(altera_avalon_jtag_uart_fd.o)
                              ../MTL_bsp//libhal_bsp.a(alt_sys_init.o) (altera_avalon_jtag_uart_read_fd)
../MTL_bsp//libhal_bsp.a(altera_avalon_jtag_uart_read.o)
                              ../MTL_bsp//libhal_bsp.a(altera_avalon_jtag_uart_fd.o) (altera_avalon_jtag_uart_read)
../MTL_bsp//libhal_bsp.a(altera_avalon_jtag_uart_write.o)
                              ../MTL_bsp//libhal_bsp.a(altera_avalon_jtag_uart_fd.o) (altera_avalon_jtag_uart_write)
../MTL_bsp//libhal_bsp.a(altera_avalon_timer_vars.o)
                              ../MTL_bsp//libhal_bsp.a(alt_sys_init.o) (altera_avalon_timer_ts_base)
../MTL_bsp//libhal_bsp.a(alt_close.o)
                              ../MTL_bsp//libhal_bsp.a(alt_main.o) (close)
../MTL_bsp//libhal_bsp.a(alt_dcache_flush_all.o)
                              ../MTL_bsp//libhal_bsp.a(alt_load.o) (alt_dcache_flush_all)
../MTL_bsp//libhal_bsp.a(alt_dev.o)
                              ../MTL_bsp//libhal_bsp.a(alt_sys_init.o) (alt_dev_list)
../MTL_bsp//libhal_bsp.a(alt_dev_llist_insert.o)
                              ../MTL_bsp//libhal_bsp.a(alt_sys_init.o) (alt_dev_llist_insert)
../MTL_bsp//libhal_bsp.a(alt_errno.o)
                              ../MTL_bsp//libhal_bsp.a(alt_close.o) (alt_errno)
../MTL_bsp//libhal_bsp.a(alt_icache_flush_all.o)
                              ../MTL_bsp//libhal_bsp.a(alt_load.o) (alt_icache_flush_all)
../MTL_bsp//libhal_bsp.a(alt_io_redirect.o)
                              ../MTL_bsp//libhal_bsp.a(alt_main.o) (alt_io_redirect)
../MTL_bsp//libhal_bsp.a(alt_open.o)
                              ../MTL_bsp//libhal_bsp.a(alt_io_redirect.o) (open)
../MTL_bsp//libhal_bsp.a(alt_release_fd.o)
                              ../MTL_bsp//libhal_bsp.a(alt_close.o) (alt_release_fd)
../MTL_bsp//libhal_bsp.a(altera_nios2_gen2_irq.o)
                              ../MTL_bsp//libhal_bsp.a(alt_sys_init.o) (altera_nios2_gen2_irq_init)
../MTL_bsp//libhal_bsp.a(alt_find_dev.o)
                              ../MTL_bsp//libhal_bsp.a(alt_open.o) (alt_find_dev)
../MTL_bsp//libhal_bsp.a(alt_find_file.o)
                              ../MTL_bsp//libhal_bsp.a(alt_open.o) (alt_find_file)
../MTL_bsp//libhal_bsp.a(alt_get_fd.o)
                              ../MTL_bsp//libhal_bsp.a(alt_open.o) (alt_get_fd)
/home/bilal/altera_lite/16.0/nios2eds/bin/gnu/H-x86_64-pc-linux-gnu/bin/../lib/gcc/nios2-elf/5.2.0/../../../../../H-x86_64-pc-linux-gnu/nios2-elf/lib/mno-hw-mul/libsmallc.a(lib_a-exit.o)
                              ../MTL_bsp//libhal_bsp.a(alt_main.o) (exit)
/home/bilal/altera_lite/16.0/nios2eds/bin/gnu/H-x86_64-pc-linux-gnu/bin/../lib/gcc/nios2-elf/5.2.0/../../../../../H-x86_64-pc-linux-gnu/nios2-elf/lib/mno-hw-mul/libsmallc.a(lib_a-int_errno.o)
                              ../MTL_bsp//libhal_bsp.a(alt_close.o) (errno)
/home/bilal/altera_lite/16.0/nios2eds/bin/gnu/H-x86_64-pc-linux-gnu/bin/../lib/gcc/nios2-elf/5.2.0/../../../../../H-x86_64-pc-linux-gnu/nios2-elf/lib/mno-hw-mul/libsmallc.a(lib_a-memcmp.o)
                              ../MTL_bsp//libhal_bsp.a(alt_find_dev.o) (memcmp)
/home/bilal/altera_lite/16.0/nios2eds/bin/gnu/H-x86_64-pc-linux-gnu/bin/../lib/gcc/nios2-elf/5.2.0/../../../../../H-x86_64-pc-linux-gnu/nios2-elf/lib/mno-hw-mul/libsmallc.a(lib_a-strlen.o)
                              ../MTL_bsp//libhal_bsp.a(alt_find_dev.o) (strlen)
/home/bilal/altera_lite/16.0/nios2eds/bin/gnu/H-x86_64-pc-linux-gnu/bin/../lib/gcc/nios2-elf/5.2.0/../../../../../H-x86_64-pc-linux-gnu/nios2-elf/lib/mno-hw-mul/libsmallc.a(lib_a-__call_atexit.o)
                              /home/bilal/altera_lite/16.0/nios2eds/bin/gnu/H-x86_64-pc-linux-gnu/bin/../lib/gcc/nios2-elf/5.2.0/../../../../../H-x86_64-pc-linux-gnu/nios2-elf/lib/mno-hw-mul/libsmallc.a(lib_a-exit.o) (__call_exitprocs)
/home/bilal/altera_lite/16.0/nios2eds/bin/gnu/H-x86_64-pc-linux-gnu/bin/../lib/gcc/nios2-elf/5.2.0/../../../../../H-x86_64-pc-linux-gnu/nios2-elf/lib/mno-hw-mul/libsmallc.a(lib_a-impure.o)
                              /home/bilal/altera_lite/16.0/nios2eds/bin/gnu/H-x86_64-pc-linux-gnu/bin/../lib/gcc/nios2-elf/5.2.0/../../../../../H-x86_64-pc-linux-gnu/nios2-elf/lib/mno-hw-mul/libsmallc.a(lib_a-__call_atexit.o) (_global_impure_ptr)
/home/bilal/altera_lite/16.0/nios2eds/bin/gnu/H-x86_64-pc-linux-gnu/bin/../lib/gcc/nios2-elf/5.2.0/mno-hw-mul/libgcc.a(lib2-mul.o)
                              ../MTL_bsp//libhal_bsp.a(alt_close.o) (__mulsi3)
../MTL_bsp//libhal_bsp.a(alt_exit.o)
                              /home/bilal/altera_lite/16.0/nios2eds/bin/gnu/H-x86_64-pc-linux-gnu/bin/../lib/gcc/nios2-elf/5.2.0/../../../../../H-x86_64-pc-linux-gnu/nios2-elf/lib/mno-hw-mul/libsmallc.a(lib_a-exit.o) (_exit)

Allocating common symbols
Common symbol       size              file

errno               0x4               /home/bilal/altera_lite/16.0/nios2eds/bin/gnu/H-x86_64-pc-linux-gnu/bin/../lib/gcc/nios2-elf/5.2.0/../../../../../H-x86_64-pc-linux-gnu/nios2-elf/lib/mno-hw-mul/libsmallc.a(lib_a-int_errno.o)

Memory Configuration

Name             Origin             Length             Attributes
reset            0x0000000000008000 0x0000000000000020
onchip_memory2_0 0x0000000000008020 0x0000000000003fe0
*default*        0x0000000000000000 0xffffffffffffffff

Linker script and memory map

LOAD ../MTL_bsp//obj/HAL/src/crt0.o
LOAD obj/default/MTL.o
LOAD /home/bilal/altera_lite/16.0/nios2eds/bin/gnu/H-x86_64-pc-linux-gnu/bin/../lib/gcc/nios2-elf/5.2.0/../../../../../H-x86_64-pc-linux-gnu/nios2-elf/lib/mno-hw-mul/libstdc++.a
LOAD /home/bilal/altera_lite/16.0/nios2eds/bin/gnu/H-x86_64-pc-linux-gnu/bin/../lib/gcc/nios2-elf/5.2.0/../../../../../H-x86_64-pc-linux-gnu/nios2-elf/lib/mno-hw-mul/libm.a
LOAD /home/bilal/altera_lite/16.0/nios2eds/bin/gnu/H-x86_64-pc-linux-gnu/bin/../lib/gcc/nios2-elf/5.2.0/mno-hw-mul/libgcc.a
START GROUP
LOAD /home/bilal/altera_lite/16.0/nios2eds/bin/gnu/H-x86_64-pc-linux-gnu/bin/../lib/gcc/nios2-elf/5.2.0/../../../../../H-x86_64-pc-linux-gnu/nios2-elf/lib/mno-hw-mul/libsmallc.a
LOAD /home/bilal/altera_lite/16.0/nios2eds/bin/gnu/H-x86_64-pc-linux-gnu/bin/../lib/gcc/nios2-elf/5.2.0/mno-hw-mul/libgcc.a
LOAD ../MTL_bsp//libhal_bsp.a
LOAD /home/bilal/altera_lite/16.0/nios2eds/bin/gnu/H-x86_64-pc-linux-gnu/bin/../lib/gcc/nios2-elf/5.2.0/../../../../../H-x86_64-pc-linux-gnu/nios2-elf/lib/mno-hw-mul/libm.a
END GROUP
LOAD /home/bilal/altera_lite/16.0/nios2eds/bin/gnu/H-x86_64-pc-linux-gnu/bin/../lib/gcc/nios2-elf/5.2.0/mno-hw-mul/libgcc.a
                0x0000000000008000                __alt_mem_onchip_memory2_0 = 0x8000

.entry          0x0000000000008000       0x20
 *(.entry)
 .entry         0x0000000000008000       0x20 ../MTL_bsp//obj/HAL/src/crt0.o
                0x0000000000008000                __reset

.exceptions     0x0000000000008020        0x0
                0x0000000000008020                PROVIDE (__ram_exceptions_start, ABSOLUTE (.))
                0x0000000000008020                . = ALIGN (0x20)
 *(.irq)
 *(.exceptions.entry.label)
 *(.exceptions.entry.user)
 *(.exceptions.entry.ecc_fatal)
 *(.exceptions.entry)
 *(.exceptions.irqtest.user)
 *(.exceptions.irqtest)
 *(.exceptions.irqhandler.user)
 *(.exceptions.irqhandler)
 *(.exceptions.irqreturn.user)
 *(.exceptions.irqreturn)
 *(.exceptions.notirq.label)
 *(.exceptions.notirq.user)
 *(.exceptions.notirq)
 *(.exceptions.soft.user)
 *(.exceptions.soft)
 *(.exceptions.unknown.user)
 *(.exceptions.unknown)
 *(.exceptions.exit.label)
 *(.exceptions.exit.user)
 *(.exceptions.exit)
 *(.exceptions)
                0x0000000000008020                PROVIDE (__ram_exceptions_end, ABSOLUTE (.))
                0x0000000000008020                PROVIDE (__flash_exceptions_start, LOADADDR (.exceptions))

.text           0x0000000000008020     0x10fc
                [!provide]                        PROVIDE (stext, ABSOLUTE (.))
 *(.interp)
 *(.hash)
 *(.dynsym)
 *(.dynstr)
 *(.gnu.version)
 *(.gnu.version_d)
 *(.gnu.version_r)
 *(.rel.init)
 *(.rela.init)
 *(.rel.text .rel.text.* .rel.gnu.linkonce.t.*)
 *(.rela.text .rela.text.* .rela.gnu.linkonce.t.*)
 *(.rel.fini)
 *(.rela.fini)
 *(.rel.rodata .rel.rodata.* .rel.gnu.linkonce.r.*)
 *(.rela.rodata .rela.rodata.* .rela.gnu.linkonce.r.*)
 *(.rel.data .rel.data.* .rel.gnu.linkonce.d.*)
 *(.rela.data .rela.data.* .rela.gnu.linkonce.d.*)
 *(.rel.tdata .rel.tdata.* .rel.gnu.linkonce.td.*)
 *(.rela.tdata .rela.tdata.* .rela.gnu.linkonce.td.*)
 *(.rel.tbss .rel.tbss.* .rel.gnu.linkonce.tb.*)
 *(.rela.tbss .rela.tbss.* .rela.gnu.linkonce.tb.*)
 *(.rel.ctors)
 *(.rela.ctors)
 *(.rel.dtors)
 *(.rela.dtors)
 *(.rel.got)
 *(.rela.got)
 *(.rel.sdata .rel.sdata.* .rel.gnu.linkonce.s.*)
 *(.rela.sdata .rela.sdata.* .rela.gnu.linkonce.s.*)
 *(.rel.sbss .rel.sbss.* .rel.gnu.linkonce.sb.*)
 *(.rela.sbss .rela.sbss.* .rela.gnu.linkonce.sb.*)
 *(.rel.sdata2 .rel.sdata2.* .rel.gnu.linkonce.s2.*)
 *(.rela.sdata2 .rela.sdata2.* .rela.gnu.linkonce.s2.*)
 *(.rel.sbss2 .rel.sbss2.* .rel.gnu.linkonce.sb2.*)
 *(.rela.sbss2 .rela.sbss2.* .rela.gnu.linkonce.sb2.*)
 *(.rel.bss .rel.bss.* .rel.gnu.linkonce.b.*)
 *(.rela.bss .rela.bss.* .rela.gnu.linkonce.b.*)
 *(.rel.plt)
 *(.rela.plt)
 *(.rel.dyn)
 *(.init)
 *(.plt)
 *(.text .stub .text.* .gnu.linkonce.t.*)
 .text          0x0000000000008020       0x3c ../MTL_bsp//obj/HAL/src/crt0.o
                0x0000000000008020                _start
 .text          0x000000000000805c       0x54 obj/default/MTL.o
                0x000000000000805c                main
 .text          0x00000000000080b0       0xec ../MTL_bsp//libhal_bsp.a(alt_load.o)
                0x0000000000008118                alt_load
 .text          0x000000000000819c       0x6c ../MTL_bsp//libhal_bsp.a(alt_main.o)
                0x000000000000819c                alt_main
 .text          0x0000000000008208       0xd0 ../MTL_bsp//libhal_bsp.a(alt_sys_init.o)
                0x0000000000008240                alt_irq_init
                0x0000000000008278                alt_sys_init
 .text          0x00000000000082d8       0xc0 ../MTL_bsp//libhal_bsp.a(altera_avalon_jtag_uart_fd.o)
                0x00000000000082d8                altera_avalon_jtag_uart_read_fd
                0x0000000000008338                altera_avalon_jtag_uart_write_fd
 .text          0x0000000000008398       0xec ../MTL_bsp//libhal_bsp.a(altera_avalon_jtag_uart_read.o)
                0x0000000000008398                altera_avalon_jtag_uart_read
 .text          0x0000000000008484       0x94 ../MTL_bsp//libhal_bsp.a(altera_avalon_jtag_uart_write.o)
                0x0000000000008484                altera_avalon_jtag_uart_write
 .text          0x0000000000008518        0x0 ../MTL_bsp//libhal_bsp.a(altera_avalon_timer_vars.o)
 .text          0x0000000000008518      0x128 ../MTL_bsp//libhal_bsp.a(alt_close.o)
                0x0000000000008568                close
 .text          0x0000000000008640       0x20 ../MTL_bsp//libhal_bsp.a(alt_dcache_flush_all.o)
                0x0000000000008640                alt_dcache_flush_all
 .text          0x0000000000008660       0x2c ../MTL_bsp//libhal_bsp.a(alt_dev.o)
 .text          0x000000000000868c       0xf4 ../MTL_bsp//libhal_bsp.a(alt_dev_llist_insert.o)
                0x00000000000086dc                alt_dev_llist_insert
 .text          0x0000000000008780        0x0 ../MTL_bsp//libhal_bsp.a(alt_errno.o)
 .text          0x0000000000008780       0x20 ../MTL_bsp//libhal_bsp.a(alt_icache_flush_all.o)
                0x0000000000008780                alt_icache_flush_all
 .text          0x00000000000087a0      0x160 ../MTL_bsp//libhal_bsp.a(alt_io_redirect.o)
                0x0000000000008884                alt_io_redirect
 .text          0x0000000000008900      0x2a4 ../MTL_bsp//libhal_bsp.a(alt_open.o)
                0x0000000000008a44                open
 .text          0x0000000000008ba4       0x84 ../MTL_bsp//libhal_bsp.a(alt_release_fd.o)
                0x0000000000008ba4                alt_release_fd
 .text          0x0000000000008c28       0x24 ../MTL_bsp//libhal_bsp.a(altera_nios2_gen2_irq.o)
                0x0000000000008c28                altera_nios2_gen2_irq_init
 .text          0x0000000000008c4c       0x90 ../MTL_bsp//libhal_bsp.a(alt_find_dev.o)
                0x0000000000008c4c                alt_find_dev
 .text          0x0000000000008cdc      0x114 ../MTL_bsp//libhal_bsp.a(alt_find_file.o)
                0x0000000000008cdc                alt_find_file
 .text          0x0000000000008df0       0xd4 ../MTL_bsp//libhal_bsp.a(alt_get_fd.o)
                0x0000000000008df0                alt_get_fd
 .text          0x0000000000008ec4        0x0 /home/bilal/altera_lite/16.0/nios2eds/bin/gnu/H-x86_64-pc-linux-gnu/bin/../lib/gcc/nios2-elf/5.2.0/../../../../../H-x86_64-pc-linux-gnu/nios2-elf/lib/mno-hw-mul/libsmallc.a(lib_a-exit.o)
 .text.exit     0x0000000000008ec4       0x20 /home/bilal/altera_lite/16.0/nios2eds/bin/gnu/H-x86_64-pc-linux-gnu/bin/../lib/gcc/nios2-elf/5.2.0/../../../../../H-x86_64-pc-linux-gnu/nios2-elf/lib/mno-hw-mul/libsmallc.a(lib_a-exit.o)
                0x0000000000008ec4                exit
 .text          0x0000000000008ee4        0x0 /home/bilal/altera_lite/16.0/nios2eds/bin/gnu/H-x86_64-pc-linux-gnu/bin/../lib/gcc/nios2-elf/5.2.0/../../../../../H-x86_64-pc-linux-gnu/nios2-elf/lib/mno-hw-mul/libsmallc.a(lib_a-int_errno.o)
 .text          0x0000000000008ee4        0x0 /home/bilal/altera_lite/16.0/nios2eds/bin/gnu/H-x86_64-pc-linux-gnu/bin/../lib/gcc/nios2-elf/5.2.0/../../../../../H-x86_64-pc-linux-gnu/nios2-elf/lib/mno-hw-mul/libsmallc.a(lib_a-memcmp.o)
 .text.memcmp   0x0000000000008ee4       0x30 /home/bilal/altera_lite/16.0/nios2eds/bin/gnu/H-x86_64-pc-linux-gnu/bin/../lib/gcc/nios2-elf/5.2.0/../../../../../H-x86_64-pc-linux-gnu/nios2-elf/lib/mno-hw-mul/libsmallc.a(lib_a-memcmp.o)
                0x0000000000008ee4                memcmp
 .text          0x0000000000008f14        0x0 /home/bilal/altera_lite/16.0/nios2eds/bin/gnu/H-x86_64-pc-linux-gnu/bin/../lib/gcc/nios2-elf/5.2.0/../../../../../H-x86_64-pc-linux-gnu/nios2-elf/lib/mno-hw-mul/libsmallc.a(lib_a-strlen.o)
 .text.strlen   0x0000000000008f14       0x1c /home/bilal/altera_lite/16.0/nios2eds/bin/gnu/H-x86_64-pc-linux-gnu/bin/../lib/gcc/nios2-elf/5.2.0/../../../../../H-x86_64-pc-linux-gnu/nios2-elf/lib/mno-hw-mul/libsmallc.a(lib_a-strlen.o)
                0x0000000000008f14                strlen
 .text          0x0000000000008f30        0x0 /home/bilal/altera_lite/16.0/nios2eds/bin/gnu/H-x86_64-pc-linux-gnu/bin/../lib/gcc/nios2-elf/5.2.0/../../../../../H-x86_64-pc-linux-gnu/nios2-elf/lib/mno-hw-mul/libsmallc.a(lib_a-__call_atexit.o)
 .text.__call_exitprocs
                0x0000000000008f30      0x190 /home/bilal/altera_lite/16.0/nios2eds/bin/gnu/H-x86_64-pc-linux-gnu/bin/../lib/gcc/nios2-elf/5.2.0/../../../../../H-x86_64-pc-linux-gnu/nios2-elf/lib/mno-hw-mul/libsmallc.a(lib_a-__call_atexit.o)
                0x0000000000008f30                __call_exitprocs
 .text          0x00000000000090c0        0x0 /home/bilal/altera_lite/16.0/nios2eds/bin/gnu/H-x86_64-pc-linux-gnu/bin/../lib/gcc/nios2-elf/5.2.0/../../../../../H-x86_64-pc-linux-gnu/nios2-elf/lib/mno-hw-mul/libsmallc.a(lib_a-impure.o)
 .text          0x00000000000090c0       0x28 /home/bilal/altera_lite/16.0/nios2eds/bin/gnu/H-x86_64-pc-linux-gnu/bin/../lib/gcc/nios2-elf/5.2.0/mno-hw-mul/libgcc.a(lib2-mul.o)
                0x00000000000090c0                __mulsi3
 .text          0x00000000000090e8       0x34 ../MTL_bsp//libhal_bsp.a(alt_exit.o)
                0x00000000000090e8                _exit
 *(.gnu.warning.*)
 *(.fini)
                [!provide]                        PROVIDE (__etext, ABSOLUTE (.))
                [!provide]                        PROVIDE (_etext, ABSOLUTE (.))
                [!provide]                        PROVIDE (etext, ABSOLUTE (.))
 *(.eh_frame_hdr)
                0x000000000000911c                . = ALIGN (0x4)
                [!provide]                        PROVIDE (__preinit_array_start, ABSOLUTE (.))
 *(.preinit_array)
                [!provide]                        PROVIDE (__preinit_array_end, ABSOLUTE (.))
                [!provide]                        PROVIDE (__init_array_start, ABSOLUTE (.))
 *(.init_array)
                [!provide]                        PROVIDE (__init_array_end, ABSOLUTE (.))
                [!provide]                        PROVIDE (__fini_array_start, ABSOLUTE (.))
 *(.fini_array)
                [!provide]                        PROVIDE (__fini_array_end, ABSOLUTE (.))
 *(.eh_frame)
 *(.gcc_except_table .gcc_except_table.*)
 *(.dynamic)
                [!provide]                        PROVIDE (__CTOR_LIST__, ABSOLUTE (.))
 *(.ctors)
 *(SORT(.ctors.*))
                [!provide]                        PROVIDE (__CTOR_END__, ABSOLUTE (.))
                [!provide]                        PROVIDE (__DTOR_LIST__, ABSOLUTE (.))
 *(.dtors)
 *(SORT(.dtors.*))
                [!provide]                        PROVIDE (__DTOR_END__, ABSOLUTE (.))
 *(.jcr)
                0x000000000000911c                . = ALIGN (0x4)

.rodata         0x000000000000911c       0x34
                0x000000000000911c                PROVIDE (__ram_rodata_start, ABSOLUTE (.))
                0x000000000000911c                . = ALIGN (0x4)
 *(.rodata .rodata.* .gnu.linkonce.r.*)
 .rodata        0x000000000000911c       0x11 ../MTL_bsp//libhal_bsp.a(alt_main.o)
 *fill*         0x000000000000912d        0x3 
 .rodata        0x0000000000009130       0x11 ../MTL_bsp//libhal_bsp.a(alt_sys_init.o)
 *fill*         0x0000000000009141        0x3 
 .rodata        0x0000000000009144        0xa ../MTL_bsp//libhal_bsp.a(alt_dev.o)
 *(.rodata1)
                0x0000000000009150                . = ALIGN (0x4)
 *fill*         0x000000000000914e        0x2 
                0x0000000000009150                PROVIDE (__ram_rodata_end, ABSOLUTE (.))
                0x000000000000911c                PROVIDE (__flash_rodata_start, LOADADDR (.rodata))

.rwdata         0x0000000000009150      0x2d4 load address 0x0000000000009424
                0x0000000000009150                PROVIDE (__ram_rwdata_start, ABSOLUTE (.))
                0x0000000000009150                . = ALIGN (0x4)
 *(.got.plt)
 *(.got)
 *(.data1)
 *(.data .data.* .gnu.linkonce.d.*)
 .data          0x0000000000009150        0x0 ../MTL_bsp//obj/HAL/src/crt0.o
 .data          0x0000000000009150        0x0 obj/default/MTL.o
 .data          0x0000000000009150        0x0 ../MTL_bsp//libhal_bsp.a(alt_load.o)
 .data          0x0000000000009150        0x0 ../MTL_bsp//libhal_bsp.a(alt_main.o)
 .data          0x0000000000009150       0x2c ../MTL_bsp//libhal_bsp.a(alt_sys_init.o)
 .data          0x000000000000917c        0x0 ../MTL_bsp//libhal_bsp.a(altera_avalon_jtag_uart_fd.o)
 .data          0x000000000000917c        0x0 ../MTL_bsp//libhal_bsp.a(altera_avalon_jtag_uart_read.o)
 .data          0x000000000000917c        0x0 ../MTL_bsp//libhal_bsp.a(altera_avalon_jtag_uart_write.o)
 .data          0x000000000000917c        0x0 ../MTL_bsp//libhal_bsp.a(altera_avalon_timer_vars.o)
 .data          0x000000000000917c        0x0 ../MTL_bsp//libhal_bsp.a(alt_close.o)
 .data          0x000000000000917c        0x0 ../MTL_bsp//libhal_bsp.a(alt_dcache_flush_all.o)
 .data          0x000000000000917c      0x1a8 ../MTL_bsp//libhal_bsp.a(alt_dev.o)
                0x000000000000917c                alt_dev_null
                0x00000000000091a4                alt_fd_list
 .data          0x0000000000009324        0x0 ../MTL_bsp//libhal_bsp.a(alt_dev_llist_insert.o)
 .data          0x0000000000009324        0x0 ../MTL_bsp//libhal_bsp.a(alt_errno.o)
 .data          0x0000000000009324        0x0 ../MTL_bsp//libhal_bsp.a(alt_icache_flush_all.o)
 .data          0x0000000000009324        0x0 ../MTL_bsp//libhal_bsp.a(alt_io_redirect.o)
 .data          0x0000000000009324        0x0 ../MTL_bsp//libhal_bsp.a(alt_open.o)
 .data          0x0000000000009324        0x0 ../MTL_bsp//libhal_bsp.a(alt_release_fd.o)
 .data          0x0000000000009324        0x0 ../MTL_bsp//libhal_bsp.a(altera_nios2_gen2_irq.o)
 .data          0x0000000000009324        0x0 ../MTL_bsp//libhal_bsp.a(alt_find_dev.o)
 .data          0x0000000000009324        0x0 ../MTL_bsp//libhal_bsp.a(alt_find_file.o)
 .data          0x0000000000009324        0x0 ../MTL_bsp//libhal_bsp.a(alt_get_fd.o)
 .data          0x0000000000009324        0x0 /home/bilal/altera_lite/16.0/nios2eds/bin/gnu/H-x86_64-pc-linux-gnu/bin/../lib/gcc/nios2-elf/5.2.0/../../../../../H-x86_64-pc-linux-gnu/nios2-elf/lib/mno-hw-mul/libsmallc.a(lib_a-exit.o)
 .data          0x0000000000009324        0x0 /home/bilal/altera_lite/16.0/nios2eds/bin/gnu/H-x86_64-pc-linux-gnu/bin/../lib/gcc/nios2-elf/5.2.0/../../../../../H-x86_64-pc-linux-gnu/nios2-elf/lib/mno-hw-mul/libsmallc.a(lib_a-int_errno.o)
 .data          0x0000000000009324        0x0 /home/bilal/altera_lite/16.0/nios2eds/bin/gnu/H-x86_64-pc-linux-gnu/bin/../lib/gcc/nios2-elf/5.2.0/../../../../../H-x86_64-pc-linux-gnu/nios2-elf/lib/mno-hw-mul/libsmallc.a(lib_a-memcmp.o)
 .data          0x0000000000009324        0x0 /home/bilal/altera_lite/16.0/nios2eds/bin/gnu/H-x86_64-pc-linux-gnu/bin/../lib/gcc/nios2-elf/5.2.0/../../../../../H-x86_64-pc-linux-gnu/nios2-elf/lib/mno-hw-mul/libsmallc.a(lib_a-strlen.o)
 .data          0x0000000000009324        0x0 /home/bilal/altera_lite/16.0/nios2eds/bin/gnu/H-x86_64-pc-linux-gnu/bin/../lib/gcc/nios2-elf/5.2.0/../../../../../H-x86_64-pc-linux-gnu/nios2-elf/lib/mno-hw-mul/libsmallc.a(lib_a-__call_atexit.o)
 .data          0x0000000000009324        0x0 /home/bilal/altera_lite/16.0/nios2eds/bin/gnu/H-x86_64-pc-linux-gnu/bin/../lib/gcc/nios2-elf/5.2.0/../../../../../H-x86_64-pc-linux-gnu/nios2-elf/lib/mno-hw-mul/libsmallc.a(lib_a-impure.o)
 .data.impure_data
                0x0000000000009324       0xe0 /home/bilal/altera_lite/16.0/nios2eds/bin/gnu/H-x86_64-pc-linux-gnu/bin/../lib/gcc/nios2-elf/5.2.0/../../../../../H-x86_64-pc-linux-gnu/nios2-elf/lib/mno-hw-mul/libsmallc.a(lib_a-impure.o)
 .data          0x0000000000009404        0x0 /home/bilal/altera_lite/16.0/nios2eds/bin/gnu/H-x86_64-pc-linux-gnu/bin/../lib/gcc/nios2-elf/5.2.0/mno-hw-mul/libgcc.a(lib2-mul.o)
 .data          0x0000000000009404        0x0 ../MTL_bsp//libhal_bsp.a(alt_exit.o)
                0x0000000000011404                _gp = ABSOLUTE ((. + 0x8000))
                [!provide]                        PROVIDE (gp, _gp)
 *(.rwdata .rwdata.*)
 *(.sdata .sdata.* .gnu.linkonce.s.*)
 .sdata         0x0000000000009404       0x14 ../MTL_bsp//libhal_bsp.a(alt_dev.o)
                0x0000000000009404                alt_fs_list
                0x000000000000940c                alt_dev_list
                0x0000000000009414                alt_max_fd
 .sdata         0x0000000000009418        0x4 ../MTL_bsp//libhal_bsp.a(alt_errno.o)
                0x0000000000009418                alt_errno
 .sdata._global_impure_ptr
                0x000000000000941c        0x4 /home/bilal/altera_lite/16.0/nios2eds/bin/gnu/H-x86_64-pc-linux-gnu/bin/../lib/gcc/nios2-elf/5.2.0/../../../../../H-x86_64-pc-linux-gnu/nios2-elf/lib/mno-hw-mul/libsmallc.a(lib_a-impure.o)
                0x000000000000941c                _global_impure_ptr
 .sdata._impure_ptr
                0x0000000000009420        0x4 /home/bilal/altera_lite/16.0/nios2eds/bin/gnu/H-x86_64-pc-linux-gnu/bin/../lib/gcc/nios2-elf/5.2.0/../../../../../H-x86_64-pc-linux-gnu/nios2-elf/lib/mno-hw-mul/libsmallc.a(lib_a-impure.o)
                0x0000000000009420                _impure_ptr
 *(.sdata2 .sdata2.* .gnu.linkonce.s2.*)
                0x0000000000009424                . = ALIGN (0x4)
                0x0000000000009424                _edata = ABSOLUTE (.)
                [!provide]                        PROVIDE (edata, ABSOLUTE (.))
                0x0000000000009424                PROVIDE (__ram_rwdata_end, ABSOLUTE (.))
                0x0000000000009424                PROVIDE (__flash_rwdata_start, LOADADDR (.rwdata))

.bss            0x00000000000096f8       0x18
                0x00000000000096f8                __bss_start = ABSOLUTE (.)
                [!provide]                        PROVIDE (__sbss_start, ABSOLUTE (.))
                [!provide]                        PROVIDE (___sbss_start, ABSOLUTE (.))
 *(.dynsbss)
 *(.sbss .sbss.* .gnu.linkonce.sb.*)
 .sbss          0x00000000000096f8        0xc ../MTL_bsp//libhal_bsp.a(alt_main.o)
                0x00000000000096f8                alt_argc
                0x00000000000096fc                alt_argv
                0x0000000000009700                alt_envp
 .sbss          0x0000000000009704        0x8 ../MTL_bsp//libhal_bsp.a(altera_avalon_timer_vars.o)
                0x0000000000009704                altera_avalon_timer_ts_base
                0x0000000000009708                altera_avalon_timer_ts_freq
 .sbss          0x000000000000970c        0x4 /home/bilal/altera_lite/16.0/nios2eds/bin/gnu/H-x86_64-pc-linux-gnu/bin/../lib/gcc/nios2-elf/5.2.0/../../../../../H-x86_64-pc-linux-gnu/nios2-elf/lib/mno-hw-mul/libsmallc.a(lib_a-int_errno.o)
                0x000000000000970c                errno
 *(.sbss2 .sbss2.* .gnu.linkonce.sb2.*)
 *(.scommon)
                [!provide]                        PROVIDE (__sbss_end, ABSOLUTE (.))
                [!provide]                        PROVIDE (___sbss_end, ABSOLUTE (.))
 *(.dynbss)
 *(.bss .bss.* .gnu.linkonce.b.*)
 .bss           0x0000000000009710        0x0 ../MTL_bsp//obj/HAL/src/crt0.o
 .bss           0x0000000000009710        0x0 obj/default/MTL.o
 .bss           0x0000000000009710        0x0 ../MTL_bsp//libhal_bsp.a(alt_load.o)
 .bss           0x0000000000009710        0x0 ../MTL_bsp//libhal_bsp.a(alt_main.o)
 .bss           0x0000000000009710        0x0 ../MTL_bsp//libhal_bsp.a(alt_sys_init.o)
 .bss           0x0000000000009710        0x0 ../MTL_bsp//libhal_bsp.a(altera_avalon_jtag_uart_fd.o)
 .bss           0x0000000000009710        0x0 ../MTL_bsp//libhal_bsp.a(altera_avalon_jtag_uart_read.o)
 .bss           0x0000000000009710        0x0 ../MTL_bsp//libhal_bsp.a(altera_avalon_jtag_uart_write.o)
 .bss           0x0000000000009710        0x0 ../MTL_bsp//libhal_bsp.a(altera_avalon_timer_vars.o)
 .bss           0x0000000000009710        0x0 ../MTL_bsp//libhal_bsp.a(alt_close.o)
 .bss           0x0000000000009710        0x0 ../MTL_bsp//libhal_bsp.a(alt_dcache_flush_all.o)
 .bss           0x0000000000009710        0x0 ../MTL_bsp//libhal_bsp.a(alt_dev.o)
 .bss           0x0000000000009710        0x0 ../MTL_bsp//libhal_bsp.a(alt_dev_llist_insert.o)
 .bss           0x0000000000009710        0x0 ../MTL_bsp//libhal_bsp.a(alt_errno.o)
 .bss           0x0000000000009710        0x0 ../MTL_bsp//libhal_bsp.a(alt_icache_flush_all.o)
 .bss           0x0000000000009710        0x0 ../MTL_bsp//libhal_bsp.a(alt_io_redirect.o)
 .bss           0x0000000000009710        0x0 ../MTL_bsp//libhal_bsp.a(alt_open.o)
 .bss           0x0000000000009710        0x0 ../MTL_bsp//libhal_bsp.a(alt_release_fd.o)
 .bss           0x0000000000009710        0x0 ../MTL_bsp//libhal_bsp.a(altera_nios2_gen2_irq.o)
 .bss           0x0000000000009710        0x0 ../MTL_bsp//libhal_bsp.a(alt_find_dev.o)
 .bss           0x0000000000009710        0x0 ../MTL_bsp//libhal_bsp.a(alt_find_file.o)
 .bss           0x0000000000009710        0x0 ../MTL_bsp//libhal_bsp.a(alt_get_fd.o)
 .bss           0x0000000000009710        0x0 /home/bilal/altera_lite/16.0/nios2eds/bin/gnu/H-x86_64-pc-linux-gnu/bin/../lib/gcc/nios2-elf/5.2.0/../../../../../H-x86_64-pc-linux-gnu/nios2-elf/lib/mno-hw-mul/libsmallc.a(lib_a-exit.o)
 .bss           0x0000000000009710        0x0 /home/bilal/altera_lite/16.0/nios2eds/bin/gnu/H-x86_64-pc-linux-gnu/bin/../lib/gcc/nios2-elf/5.2.0/../../../../../H-x86_64-pc-linux-gnu/nios2-elf/lib/mno-hw-mul/libsmallc.a(lib_a-int_errno.o)
 .bss           0x0000000000009710        0x0 /home/bilal/altera_lite/16.0/nios2eds/bin/gnu/H-x86_64-pc-linux-gnu/bin/../lib/gcc/nios2-elf/5.2.0/../../../../../H-x86_64-pc-linux-gnu/nios2-elf/lib/mno-hw-mul/libsmallc.a(lib_a-memcmp.o)
 .bss           0x0000000000009710        0x0 /home/bilal/altera_lite/16.0/nios2eds/bin/gnu/H-x86_64-pc-linux-gnu/bin/../lib/gcc/nios2-elf/5.2.0/../../../../../H-x86_64-pc-linux-gnu/nios2-elf/lib/mno-hw-mul/libsmallc.a(lib_a-strlen.o)
 .bss           0x0000000000009710        0x0 /home/bilal/altera_lite/16.0/nios2eds/bin/gnu/H-x86_64-pc-linux-gnu/bin/../lib/gcc/nios2-elf/5.2.0/../../../../../H-x86_64-pc-linux-gnu/nios2-elf/lib/mno-hw-mul/libsmallc.a(lib_a-__call_atexit.o)
 .bss           0x0000000000009710        0x0 /home/bilal/altera_lite/16.0/nios2eds/bin/gnu/H-x86_64-pc-linux-gnu/bin/../lib/gcc/nios2-elf/5.2.0/../../../../../H-x86_64-pc-linux-gnu/nios2-elf/lib/mno-hw-mul/libsmallc.a(lib_a-impure.o)
 .bss           0x0000000000009710        0x0 /home/bilal/altera_lite/16.0/nios2eds/bin/gnu/H-x86_64-pc-linux-gnu/bin/../lib/gcc/nios2-elf/5.2.0/mno-hw-mul/libgcc.a(lib2-mul.o)
 .bss           0x0000000000009710        0x0 ../MTL_bsp//libhal_bsp.a(alt_exit.o)
 *(COMMON)
                0x0000000000009710                . = ALIGN (0x4)
                0x0000000000009710                __bss_end = ABSOLUTE (.)

.onchip_memory2_0
                0x0000000000009710        0x0
                [!provide]                        PROVIDE (_alt_partition_onchip_memory2_0_start, ABSOLUTE (.))
 *(.onchip_memory2_0 .onchip_memory2_0. onchip_memory2_0.*)
                0x0000000000009710                . = ALIGN (0x4)
                [!provide]                        PROVIDE (_alt_partition_onchip_memory2_0_end, ABSOLUTE (.))
                0x0000000000009710                _end = ABSOLUTE (.)
                0x0000000000009710                end = ABSOLUTE (.)
                0x0000000000009710                __alt_stack_base = ABSOLUTE (.)
                [!provide]                        PROVIDE (_alt_partition_onchip_memory2_0_load_addr, LOADADDR (.onchip_memory2_0))

.stab
 *(.stab)

.stabstr
 *(.stabstr)

.stab.excl
 *(.stab.excl)

.stab.exclstr
 *(.stab.exclstr)

.stab.index
 *(.stab.index)

.stab.indexstr
 *(.stab.indexstr)

.comment        0x0000000000000000       0x23
 *(.comment)
 .comment       0x0000000000000000       0x23 obj/default/MTL.o
                                         0x24 (size before relaxing)
 .comment       0x0000000000000023       0x24 ../MTL_bsp//libhal_bsp.a(alt_load.o)
 .comment       0x0000000000000023       0x24 ../MTL_bsp//libhal_bsp.a(alt_main.o)
 .comment       0x0000000000000023       0x24 ../MTL_bsp//libhal_bsp.a(alt_sys_init.o)
 .comment       0x0000000000000023       0x24 ../MTL_bsp//libhal_bsp.a(altera_avalon_jtag_uart_fd.o)
 .comment       0x0000000000000023       0x24 ../MTL_bsp//libhal_bsp.a(altera_avalon_jtag_uart_read.o)
 .comment       0x0000000000000023       0x24 ../MTL_bsp//libhal_bsp.a(altera_avalon_jtag_uart_write.o)
 .comment       0x0000000000000023       0x24 ../MTL_bsp//libhal_bsp.a(altera_avalon_timer_vars.o)
 .comment       0x0000000000000023       0x24 ../MTL_bsp//libhal_bsp.a(alt_close.o)
 .comment       0x0000000000000023       0x24 ../MTL_bsp//libhal_bsp.a(alt_dcache_flush_all.o)
 .comment       0x0000000000000023       0x24 ../MTL_bsp//libhal_bsp.a(alt_dev.o)
 .comment       0x0000000000000023       0x24 ../MTL_bsp//libhal_bsp.a(alt_dev_llist_insert.o)
 .comment       0x0000000000000023       0x24 ../MTL_bsp//libhal_bsp.a(alt_errno.o)
 .comment       0x0000000000000023       0x24 ../MTL_bsp//libhal_bsp.a(alt_icache_flush_all.o)
 .comment       0x0000000000000023       0x24 ../MTL_bsp//libhal_bsp.a(alt_io_redirect.o)
 .comment       0x0000000000000023       0x24 ../MTL_bsp//libhal_bsp.a(alt_open.o)
 .comment       0x0000000000000023       0x24 ../MTL_bsp//libhal_bsp.a(alt_release_fd.o)
 .comment       0x0000000000000023       0x24 ../MTL_bsp//libhal_bsp.a(altera_nios2_gen2_irq.o)
 .comment       0x0000000000000023       0x24 ../MTL_bsp//libhal_bsp.a(alt_find_dev.o)
 .comment       0x0000000000000023       0x24 ../MTL_bsp//libhal_bsp.a(alt_find_file.o)
 .comment       0x0000000000000023       0x24 ../MTL_bsp//libhal_bsp.a(alt_get_fd.o)
 .comment       0x0000000000000023       0x24 /home/bilal/altera_lite/16.0/nios2eds/bin/gnu/H-x86_64-pc-linux-gnu/bin/../lib/gcc/nios2-elf/5.2.0/../../../../../H-x86_64-pc-linux-gnu/nios2-elf/lib/mno-hw-mul/libsmallc.a(lib_a-exit.o)
 .comment       0x0000000000000023       0x24 /home/bilal/altera_lite/16.0/nios2eds/bin/gnu/H-x86_64-pc-linux-gnu/bin/../lib/gcc/nios2-elf/5.2.0/../../../../../H-x86_64-pc-linux-gnu/nios2-elf/lib/mno-hw-mul/libsmallc.a(lib_a-int_errno.o)
 .comment       0x0000000000000023       0x24 /home/bilal/altera_lite/16.0/nios2eds/bin/gnu/H-x86_64-pc-linux-gnu/bin/../lib/gcc/nios2-elf/5.2.0/../../../../../H-x86_64-pc-linux-gnu/nios2-elf/lib/mno-hw-mul/libsmallc.a(lib_a-memcmp.o)
 .comment       0x0000000000000023       0x24 /home/bilal/altera_lite/16.0/nios2eds/bin/gnu/H-x86_64-pc-linux-gnu/bin/../lib/gcc/nios2-elf/5.2.0/../../../../../H-x86_64-pc-linux-gnu/nios2-elf/lib/mno-hw-mul/libsmallc.a(lib_a-strlen.o)
 .comment       0x0000000000000023       0x24 /home/bilal/altera_lite/16.0/nios2eds/bin/gnu/H-x86_64-pc-linux-gnu/bin/../lib/gcc/nios2-elf/5.2.0/../../../../../H-x86_64-pc-linux-gnu/nios2-elf/lib/mno-hw-mul/libsmallc.a(lib_a-__call_atexit.o)
 .comment       0x0000000000000023       0x24 /home/bilal/altera_lite/16.0/nios2eds/bin/gnu/H-x86_64-pc-linux-gnu/bin/../lib/gcc/nios2-elf/5.2.0/../../../../../H-x86_64-pc-linux-gnu/nios2-elf/lib/mno-hw-mul/libsmallc.a(lib_a-impure.o)
 .comment       0x0000000000000023       0x24 /home/bilal/altera_lite/16.0/nios2eds/bin/gnu/H-x86_64-pc-linux-gnu/bin/../lib/gcc/nios2-elf/5.2.0/mno-hw-mul/libgcc.a(lib2-mul.o)
 .comment       0x0000000000000023       0x24 ../MTL_bsp//libhal_bsp.a(alt_exit.o)

.debug
 *(.debug)

.line
 *(.line)

.debug_srcinfo
 *(.debug_srcinfo)

.debug_sfnames
 *(.debug_sfnames)

.debug_aranges  0x0000000000000000      0x3a8
 *(.debug_aranges)
 .debug_aranges
                0x0000000000000000       0x28 ../MTL_bsp//obj/HAL/src/crt0.o
 .debug_aranges
                0x0000000000000028       0x20 obj/default/MTL.o
 .debug_aranges
                0x0000000000000048       0x20 ../MTL_bsp//libhal_bsp.a(alt_load.o)
 .debug_aranges
                0x0000000000000068       0x20 ../MTL_bsp//libhal_bsp.a(alt_main.o)
 .debug_aranges
                0x0000000000000088       0x20 ../MTL_bsp//libhal_bsp.a(alt_sys_init.o)
 .debug_aranges
                0x00000000000000a8       0x20 ../MTL_bsp//libhal_bsp.a(altera_avalon_jtag_uart_fd.o)
 .debug_aranges
                0x00000000000000c8       0x20 ../MTL_bsp//libhal_bsp.a(altera_avalon_jtag_uart_read.o)
 .debug_aranges
                0x00000000000000e8       0x20 ../MTL_bsp//libhal_bsp.a(altera_avalon_jtag_uart_write.o)
 .debug_aranges
                0x0000000000000108       0x18 ../MTL_bsp//libhal_bsp.a(altera_avalon_timer_vars.o)
 .debug_aranges
                0x0000000000000120       0x20 ../MTL_bsp//libhal_bsp.a(alt_close.o)
 .debug_aranges
                0x0000000000000140       0x20 ../MTL_bsp//libhal_bsp.a(alt_dcache_flush_all.o)
 .debug_aranges
                0x0000000000000160       0x20 ../MTL_bsp//libhal_bsp.a(alt_dev.o)
 .debug_aranges
                0x0000000000000180       0x20 ../MTL_bsp//libhal_bsp.a(alt_dev_llist_insert.o)
 .debug_aranges
                0x00000000000001a0       0x18 ../MTL_bsp//libhal_bsp.a(alt_errno.o)
 .debug_aranges
                0x00000000000001b8       0x20 ../MTL_bsp//libhal_bsp.a(alt_icache_flush_all.o)
 .debug_aranges
                0x00000000000001d8       0x20 ../MTL_bsp//libhal_bsp.a(alt_io_redirect.o)
 .debug_aranges
                0x00000000000001f8       0x20 ../MTL_bsp//libhal_bsp.a(alt_open.o)
 .debug_aranges
                0x0000000000000218       0x20 ../MTL_bsp//libhal_bsp.a(alt_release_fd.o)
 .debug_aranges
                0x0000000000000238       0x20 ../MTL_bsp//libhal_bsp.a(altera_nios2_gen2_irq.o)
 .debug_aranges
                0x0000000000000258       0x20 ../MTL_bsp//libhal_bsp.a(alt_find_dev.o)
 .debug_aranges
                0x0000000000000278       0x20 ../MTL_bsp//libhal_bsp.a(alt_find_file.o)
 .debug_aranges
                0x0000000000000298       0x20 ../MTL_bsp//libhal_bsp.a(alt_get_fd.o)
 .debug_aranges
                0x00000000000002b8       0x20 /home/bilal/altera_lite/16.0/nios2eds/bin/gnu/H-x86_64-pc-linux-gnu/bin/../lib/gcc/nios2-elf/5.2.0/../../../../../H-x86_64-pc-linux-gnu/nios2-elf/lib/mno-hw-mul/libsmallc.a(lib_a-exit.o)
 .debug_aranges
                0x00000000000002d8       0x18 /home/bilal/altera_lite/16.0/nios2eds/bin/gnu/H-x86_64-pc-linux-gnu/bin/../lib/gcc/nios2-elf/5.2.0/../../../../../H-x86_64-pc-linux-gnu/nios2-elf/lib/mno-hw-mul/libsmallc.a(lib_a-int_errno.o)
 .debug_aranges
                0x00000000000002f0       0x20 /home/bilal/altera_lite/16.0/nios2eds/bin/gnu/H-x86_64-pc-linux-gnu/bin/../lib/gcc/nios2-elf/5.2.0/../../../../../H-x86_64-pc-linux-gnu/nios2-elf/lib/mno-hw-mul/libsmallc.a(lib_a-memcmp.o)
 .debug_aranges
                0x0000000000000310       0x20 /home/bilal/altera_lite/16.0/nios2eds/bin/gnu/H-x86_64-pc-linux-gnu/bin/../lib/gcc/nios2-elf/5.2.0/../../../../../H-x86_64-pc-linux-gnu/nios2-elf/lib/mno-hw-mul/libsmallc.a(lib_a-strlen.o)
 .debug_aranges
                0x0000000000000330       0x20 /home/bilal/altera_lite/16.0/nios2eds/bin/gnu/H-x86_64-pc-linux-gnu/bin/../lib/gcc/nios2-elf/5.2.0/../../../../../H-x86_64-pc-linux-gnu/nios2-elf/lib/mno-hw-mul/libsmallc.a(lib_a-__call_atexit.o)
 .debug_aranges
                0x0000000000000350       0x18 /home/bilal/altera_lite/16.0/nios2eds/bin/gnu/H-x86_64-pc-linux-gnu/bin/../lib/gcc/nios2-elf/5.2.0/../../../../../H-x86_64-pc-linux-gnu/nios2-elf/lib/mno-hw-mul/libsmallc.a(lib_a-impure.o)
 .debug_aranges
                0x0000000000000368       0x20 /home/bilal/altera_lite/16.0/nios2eds/bin/gnu/H-x86_64-pc-linux-gnu/bin/../lib/gcc/nios2-elf/5.2.0/mno-hw-mul/libgcc.a(lib2-mul.o)
 .debug_aranges
                0x0000000000000388       0x20 ../MTL_bsp//libhal_bsp.a(alt_exit.o)

.debug_pubnames
 *(.debug_pubnames)

.debug_info     0x0000000000000000     0x4005
 *(.debug_info .gnu.linkonce.wi.*)
 .debug_info    0x0000000000000000       0x6a ../MTL_bsp//obj/HAL/src/crt0.o
 .debug_info    0x000000000000006a       0xce obj/default/MTL.o
 .debug_info    0x0000000000000138      0x145 ../MTL_bsp//libhal_bsp.a(alt_load.o)
 .debug_info    0x000000000000027d      0x131 ../MTL_bsp//libhal_bsp.a(alt_main.o)
 .debug_info    0x00000000000003ae      0x3df ../MTL_bsp//libhal_bsp.a(alt_sys_init.o)
 .debug_info    0x000000000000078d      0x3a7 ../MTL_bsp//libhal_bsp.a(altera_avalon_jtag_uart_fd.o)
 .debug_info    0x0000000000000b34      0x1b2 ../MTL_bsp//libhal_bsp.a(altera_avalon_jtag_uart_read.o)
 .debug_info    0x0000000000000ce6      0x195 ../MTL_bsp//libhal_bsp.a(altera_avalon_jtag_uart_write.o)
 .debug_info    0x0000000000000e7b       0xe9 ../MTL_bsp//libhal_bsp.a(altera_avalon_timer_vars.o)
 .debug_info    0x0000000000000f64      0x321 ../MTL_bsp//libhal_bsp.a(alt_close.o)
 .debug_info    0x0000000000001285       0x92 ../MTL_bsp//libhal_bsp.a(alt_dcache_flush_all.o)
 .debug_info    0x0000000000001317      0x49c ../MTL_bsp//libhal_bsp.a(alt_dev.o)
 .debug_info    0x00000000000017b3      0x1a9 ../MTL_bsp//libhal_bsp.a(alt_dev_llist_insert.o)
 .debug_info    0x000000000000195c       0xa6 ../MTL_bsp//libhal_bsp.a(alt_errno.o)
 .debug_info    0x0000000000001a02       0x92 ../MTL_bsp//libhal_bsp.a(alt_icache_flush_all.o)
 .debug_info    0x0000000000001a94      0x4a5 ../MTL_bsp//libhal_bsp.a(alt_io_redirect.o)
 .debug_info    0x0000000000001f39      0x3bb ../MTL_bsp//libhal_bsp.a(alt_open.o)
 .debug_info    0x00000000000022f4      0x2b0 ../MTL_bsp//libhal_bsp.a(alt_release_fd.o)
 .debug_info    0x00000000000025a4       0x92 ../MTL_bsp//libhal_bsp.a(altera_nios2_gen2_irq.o)
 .debug_info    0x0000000000002636      0x2e9 ../MTL_bsp//libhal_bsp.a(alt_find_dev.o)
 .debug_info    0x000000000000291f      0x2e6 ../MTL_bsp//libhal_bsp.a(alt_find_file.o)
 .debug_info    0x0000000000002c05      0x310 ../MTL_bsp//libhal_bsp.a(alt_get_fd.o)
 .debug_info    0x0000000000002f15       0xe5 /home/bilal/altera_lite/16.0/nios2eds/bin/gnu/H-x86_64-pc-linux-gnu/bin/../lib/gcc/nios2-elf/5.2.0/../../../../../H-x86_64-pc-linux-gnu/nios2-elf/lib/mno-hw-mul/libsmallc.a(lib_a-exit.o)
 .debug_info    0x0000000000002ffa       0x8a /home/bilal/altera_lite/16.0/nios2eds/bin/gnu/H-x86_64-pc-linux-gnu/bin/../lib/gcc/nios2-elf/5.2.0/../../../../../H-x86_64-pc-linux-gnu/nios2-elf/lib/mno-hw-mul/libsmallc.a(lib_a-int_errno.o)
 .debug_info    0x0000000000003084       0xf4 /home/bilal/altera_lite/16.0/nios2eds/bin/gnu/H-x86_64-pc-linux-gnu/bin/../lib/gcc/nios2-elf/5.2.0/../../../../../H-x86_64-pc-linux-gnu/nios2-elf/lib/mno-hw-mul/libsmallc.a(lib_a-memcmp.o)
 .debug_info    0x0000000000003178       0xc9 /home/bilal/altera_lite/16.0/nios2eds/bin/gnu/H-x86_64-pc-linux-gnu/bin/../lib/gcc/nios2-elf/5.2.0/../../../../../H-x86_64-pc-linux-gnu/nios2-elf/lib/mno-hw-mul/libsmallc.a(lib_a-strlen.o)
 .debug_info    0x0000000000003241      0x67b /home/bilal/altera_lite/16.0/nios2eds/bin/gnu/H-x86_64-pc-linux-gnu/bin/../lib/gcc/nios2-elf/5.2.0/../../../../../H-x86_64-pc-linux-gnu/nios2-elf/lib/mno-hw-mul/libsmallc.a(lib_a-__call_atexit.o)
 .debug_info    0x00000000000038bc      0x5a9 /home/bilal/altera_lite/16.0/nios2eds/bin/gnu/H-x86_64-pc-linux-gnu/bin/../lib/gcc/nios2-elf/5.2.0/../../../../../H-x86_64-pc-linux-gnu/nios2-elf/lib/mno-hw-mul/libsmallc.a(lib_a-impure.o)
 .debug_info    0x0000000000003e65       0xb4 /home/bilal/altera_lite/16.0/nios2eds/bin/gnu/H-x86_64-pc-linux-gnu/bin/../lib/gcc/nios2-elf/5.2.0/mno-hw-mul/libgcc.a(lib2-mul.o)
 .debug_info    0x0000000000003f19       0xec ../MTL_bsp//libhal_bsp.a(alt_exit.o)

.debug_abbrev   0x0000000000000000     0x16c5
 *(.debug_abbrev)
 .debug_abbrev  0x0000000000000000       0x12 ../MTL_bsp//obj/HAL/src/crt0.o
 .debug_abbrev  0x0000000000000012       0x74 obj/default/MTL.o
 .debug_abbrev  0x0000000000000086       0x9f ../MTL_bsp//libhal_bsp.a(alt_load.o)
 .debug_abbrev  0x0000000000000125       0xba ../MTL_bsp//libhal_bsp.a(alt_main.o)
 .debug_abbrev  0x00000000000001df      0x157 ../MTL_bsp//libhal_bsp.a(alt_sys_init.o)
 .debug_abbrev  0x0000000000000336       0xf7 ../MTL_bsp//libhal_bsp.a(altera_avalon_jtag_uart_fd.o)
 .debug_abbrev  0x000000000000042d       0xd5 ../MTL_bsp//libhal_bsp.a(altera_avalon_jtag_uart_read.o)
 .debug_abbrev  0x0000000000000502       0xd5 ../MTL_bsp//libhal_bsp.a(altera_avalon_jtag_uart_write.o)
 .debug_abbrev  0x00000000000005d7       0x83 ../MTL_bsp//libhal_bsp.a(altera_avalon_timer_vars.o)
 .debug_abbrev  0x000000000000065a      0x11f ../MTL_bsp//libhal_bsp.a(alt_close.o)
 .debug_abbrev  0x0000000000000779       0x42 ../MTL_bsp//libhal_bsp.a(alt_dcache_flush_all.o)
 .debug_abbrev  0x00000000000007bb       0xd9 ../MTL_bsp//libhal_bsp.a(alt_dev.o)
 .debug_abbrev  0x0000000000000894      0x114 ../MTL_bsp//libhal_bsp.a(alt_dev_llist_insert.o)
 .debug_abbrev  0x00000000000009a8       0x5a ../MTL_bsp//libhal_bsp.a(alt_errno.o)
 .debug_abbrev  0x0000000000000a02       0x42 ../MTL_bsp//libhal_bsp.a(alt_icache_flush_all.o)
 .debug_abbrev  0x0000000000000a44      0x114 ../MTL_bsp//libhal_bsp.a(alt_io_redirect.o)
 .debug_abbrev  0x0000000000000b58      0x148 ../MTL_bsp//libhal_bsp.a(alt_open.o)
 .debug_abbrev  0x0000000000000ca0       0xde ../MTL_bsp//libhal_bsp.a(alt_release_fd.o)
 .debug_abbrev  0x0000000000000d7e       0x42 ../MTL_bsp//libhal_bsp.a(altera_nios2_gen2_irq.o)
 .debug_abbrev  0x0000000000000dc0       0xf0 ../MTL_bsp//libhal_bsp.a(alt_find_dev.o)
 .debug_abbrev  0x0000000000000eb0       0xf0 ../MTL_bsp//libhal_bsp.a(alt_find_file.o)
 .debug_abbrev  0x0000000000000fa0      0x10d ../MTL_bsp//libhal_bsp.a(alt_get_fd.o)
 .debug_abbrev  0x00000000000010ad       0x8b /home/bilal/altera_lite/16.0/nios2eds/bin/gnu/H-x86_64-pc-linux-gnu/bin/../lib/gcc/nios2-elf/5.2.0/../../../../../H-x86_64-pc-linux-gnu/nios2-elf/lib/mno-hw-mul/libsmallc.a(lib_a-exit.o)
 .debug_abbrev  0x0000000000001138       0x37 /home/bilal/altera_lite/16.0/nios2eds/bin/gnu/H-x86_64-pc-linux-gnu/bin/../lib/gcc/nios2-elf/5.2.0/../../../../../H-x86_64-pc-linux-gnu/nios2-elf/lib/mno-hw-mul/libsmallc.a(lib_a-int_errno.o)
 .debug_abbrev  0x000000000000116f       0x7f /home/bilal/altera_lite/16.0/nios2eds/bin/gnu/H-x86_64-pc-linux-gnu/bin/../lib/gcc/nios2-elf/5.2.0/../../../../../H-x86_64-pc-linux-gnu/nios2-elf/lib/mno-hw-mul/libsmallc.a(lib_a-memcmp.o)
 .debug_abbrev  0x00000000000011ee       0x7f /home/bilal/altera_lite/16.0/nios2eds/bin/gnu/H-x86_64-pc-linux-gnu/bin/../lib/gcc/nios2-elf/5.2.0/../../../../../H-x86_64-pc-linux-gnu/nios2-elf/lib/mno-hw-mul/libsmallc.a(lib_a-strlen.o)
 .debug_abbrev  0x000000000000126d      0x1f6 /home/bilal/altera_lite/16.0/nios2eds/bin/gnu/H-x86_64-pc-linux-gnu/bin/../lib/gcc/nios2-elf/5.2.0/../../../../../H-x86_64-pc-linux-gnu/nios2-elf/lib/mno-hw-mul/libsmallc.a(lib_a-__call_atexit.o)
 .debug_abbrev  0x0000000000001463      0x14a /home/bilal/altera_lite/16.0/nios2eds/bin/gnu/H-x86_64-pc-linux-gnu/bin/../lib/gcc/nios2-elf/5.2.0/../../../../../H-x86_64-pc-linux-gnu/nios2-elf/lib/mno-hw-mul/libsmallc.a(lib_a-impure.o)
 .debug_abbrev  0x00000000000015ad       0x6f /home/bilal/altera_lite/16.0/nios2eds/bin/gnu/H-x86_64-pc-linux-gnu/bin/../lib/gcc/nios2-elf/5.2.0/mno-hw-mul/libgcc.a(lib2-mul.o)
 .debug_abbrev  0x000000000000161c       0xa9 ../MTL_bsp//libhal_bsp.a(alt_exit.o)

.debug_line     0x0000000000000000     0x198e
 *(.debug_line)
 .debug_line    0x0000000000000000       0x66 ../MTL_bsp//obj/HAL/src/crt0.o
 .debug_line    0x0000000000000066       0x3e obj/default/MTL.o
 .debug_line    0x00000000000000a4       0x8e ../MTL_bsp//libhal_bsp.a(alt_load.o)
 .debug_line    0x0000000000000132       0x9e ../MTL_bsp//libhal_bsp.a(alt_main.o)
 .debug_line    0x00000000000001d0      0x143 ../MTL_bsp//libhal_bsp.a(alt_sys_init.o)
 .debug_line    0x0000000000000313      0x112 ../MTL_bsp//libhal_bsp.a(altera_avalon_jtag_uart_fd.o)
 .debug_line    0x0000000000000425       0xfd ../MTL_bsp//libhal_bsp.a(altera_avalon_jtag_uart_read.o)
 .debug_line    0x0000000000000522       0xf4 ../MTL_bsp//libhal_bsp.a(altera_avalon_jtag_uart_write.o)
 .debug_line    0x0000000000000616       0x8a ../MTL_bsp//libhal_bsp.a(altera_avalon_timer_vars.o)
 .debug_line    0x00000000000006a0      0x171 ../MTL_bsp//libhal_bsp.a(alt_close.o)
 .debug_line    0x0000000000000811       0x51 ../MTL_bsp//libhal_bsp.a(alt_dcache_flush_all.o)
 .debug_line    0x0000000000000862      0x103 ../MTL_bsp//libhal_bsp.a(alt_dev.o)
 .debug_line    0x0000000000000965       0xd0 ../MTL_bsp//libhal_bsp.a(alt_dev_llist_insert.o)
 .debug_line    0x0000000000000a35       0x51 ../MTL_bsp//libhal_bsp.a(alt_errno.o)
 .debug_line    0x0000000000000a86       0x4f ../MTL_bsp//libhal_bsp.a(alt_icache_flush_all.o)
 .debug_line    0x0000000000000ad5      0x140 ../MTL_bsp//libhal_bsp.a(alt_io_redirect.o)
 .debug_line    0x0000000000000c15      0x12d ../MTL_bsp//libhal_bsp.a(alt_open.o)
 .debug_line    0x0000000000000d42       0xb0 ../MTL_bsp//libhal_bsp.a(alt_release_fd.o)
 .debug_line    0x0000000000000df2       0x51 ../MTL_bsp//libhal_bsp.a(altera_nios2_gen2_irq.o)
 .debug_line    0x0000000000000e43       0xb5 ../MTL_bsp//libhal_bsp.a(alt_find_dev.o)
 .debug_line    0x0000000000000ef8       0xd1 ../MTL_bsp//libhal_bsp.a(alt_find_file.o)
 .debug_line    0x0000000000000fc9       0xd8 ../MTL_bsp//libhal_bsp.a(alt_get_fd.o)
 .debug_line    0x00000000000010a1      0x159 /home/bilal/altera_lite/16.0/nios2eds/bin/gnu/H-x86_64-pc-linux-gnu/bin/../lib/gcc/nios2-elf/5.2.0/../../../../../H-x86_64-pc-linux-gnu/nios2-elf/lib/mno-hw-mul/libsmallc.a(lib_a-exit.o)
 .debug_line    0x00000000000011fa       0x5f /home/bilal/altera_lite/16.0/nios2eds/bin/gnu/H-x86_64-pc-linux-gnu/bin/../lib/gcc/nios2-elf/5.2.0/../../../../../H-x86_64-pc-linux-gnu/nios2-elf/lib/mno-hw-mul/libsmallc.a(lib_a-int_errno.o)
 .debug_line    0x0000000000001259      0x160 /home/bilal/altera_lite/16.0/nios2eds/bin/gnu/H-x86_64-pc-linux-gnu/bin/../lib/gcc/nios2-elf/5.2.0/../../../../../H-x86_64-pc-linux-gnu/nios2-elf/lib/mno-hw-mul/libsmallc.a(lib_a-memcmp.o)
 .debug_line    0x00000000000013b9      0x15c /home/bilal/altera_lite/16.0/nios2eds/bin/gnu/H-x86_64-pc-linux-gnu/bin/../lib/gcc/nios2-elf/5.2.0/../../../../../H-x86_64-pc-linux-gnu/nios2-elf/lib/mno-hw-mul/libsmallc.a(lib_a-strlen.o)
 .debug_line    0x0000000000001515      0x232 /home/bilal/altera_lite/16.0/nios2eds/bin/gnu/H-x86_64-pc-linux-gnu/bin/../lib/gcc/nios2-elf/5.2.0/../../../../../H-x86_64-pc-linux-gnu/nios2-elf/lib/mno-hw-mul/libsmallc.a(lib_a-__call_atexit.o)
 .debug_line    0x0000000000001747      0x156 /home/bilal/altera_lite/16.0/nios2eds/bin/gnu/H-x86_64-pc-linux-gnu/bin/../lib/gcc/nios2-elf/5.2.0/../../../../../H-x86_64-pc-linux-gnu/nios2-elf/lib/mno-hw-mul/libsmallc.a(lib_a-impure.o)
 .debug_line    0x000000000000189d       0x80 /home/bilal/altera_lite/16.0/nios2eds/bin/gnu/H-x86_64-pc-linux-gnu/bin/../lib/gcc/nios2-elf/5.2.0/mno-hw-mul/libgcc.a(lib2-mul.o)
 .debug_line    0x000000000000191d       0x71 ../MTL_bsp//libhal_bsp.a(alt_exit.o)

.debug_frame    0x0000000000000000      0x67c
 *(.debug_frame)
 .debug_frame   0x0000000000000000       0x34 obj/default/MTL.o
 .debug_frame   0x0000000000000034       0x5c ../MTL_bsp//libhal_bsp.a(alt_load.o)
 .debug_frame   0x0000000000000090       0x2c ../MTL_bsp//libhal_bsp.a(alt_main.o)
 .debug_frame   0x00000000000000bc       0x88 ../MTL_bsp//libhal_bsp.a(alt_sys_init.o)
 .debug_frame   0x0000000000000144       0x60 ../MTL_bsp//libhal_bsp.a(altera_avalon_jtag_uart_fd.o)
 .debug_frame   0x00000000000001a4       0x34 ../MTL_bsp//libhal_bsp.a(altera_avalon_jtag_uart_read.o)
 .debug_frame   0x00000000000001d8       0x34 ../MTL_bsp//libhal_bsp.a(altera_avalon_jtag_uart_write.o)
 .debug_frame   0x000000000000020c       0x60 ../MTL_bsp//libhal_bsp.a(alt_close.o)
 .debug_frame   0x000000000000026c       0x34 ../MTL_bsp//libhal_bsp.a(alt_dcache_flush_all.o)
 .debug_frame   0x00000000000002a0       0x34 ../MTL_bsp//libhal_bsp.a(alt_dev.o)
 .debug_frame   0x00000000000002d4       0x60 ../MTL_bsp//libhal_bsp.a(alt_dev_llist_insert.o)
 .debug_frame   0x0000000000000334       0x34 ../MTL_bsp//libhal_bsp.a(alt_icache_flush_all.o)
 .debug_frame   0x0000000000000368       0x64 ../MTL_bsp//libhal_bsp.a(alt_io_redirect.o)
 .debug_frame   0x00000000000003cc       0x8c ../MTL_bsp//libhal_bsp.a(alt_open.o)
 .debug_frame   0x0000000000000458       0x3c ../MTL_bsp//libhal_bsp.a(alt_release_fd.o)
 .debug_frame   0x0000000000000494       0x34 ../MTL_bsp//libhal_bsp.a(altera_nios2_gen2_irq.o)
 .debug_frame   0x00000000000004c8       0x38 ../MTL_bsp//libhal_bsp.a(alt_find_dev.o)
 .debug_frame   0x0000000000000500       0x38 ../MTL_bsp//libhal_bsp.a(alt_find_file.o)
 .debug_frame   0x0000000000000538       0x3c ../MTL_bsp//libhal_bsp.a(alt_get_fd.o)
 .debug_frame   0x0000000000000574       0x28 /home/bilal/altera_lite/16.0/nios2eds/bin/gnu/H-x86_64-pc-linux-gnu/bin/../lib/gcc/nios2-elf/5.2.0/../../../../../H-x86_64-pc-linux-gnu/nios2-elf/lib/mno-hw-mul/libsmallc.a(lib_a-exit.o)
 .debug_frame   0x000000000000059c       0x20 /home/bilal/altera_lite/16.0/nios2eds/bin/gnu/H-x86_64-pc-linux-gnu/bin/../lib/gcc/nios2-elf/5.2.0/../../../../../H-x86_64-pc-linux-gnu/nios2-elf/lib/mno-hw-mul/libsmallc.a(lib_a-memcmp.o)
 .debug_frame   0x00000000000005bc       0x20 /home/bilal/altera_lite/16.0/nios2eds/bin/gnu/H-x86_64-pc-linux-gnu/bin/../lib/gcc/nios2-elf/5.2.0/../../../../../H-x86_64-pc-linux-gnu/nios2-elf/lib/mno-hw-mul/libsmallc.a(lib_a-strlen.o)
 .debug_frame   0x00000000000005dc       0x54 /home/bilal/altera_lite/16.0/nios2eds/bin/gnu/H-x86_64-pc-linux-gnu/bin/../lib/gcc/nios2-elf/5.2.0/../../../../../H-x86_64-pc-linux-gnu/nios2-elf/lib/mno-hw-mul/libsmallc.a(lib_a-__call_atexit.o)
 .debug_frame   0x0000000000000630       0x20 /home/bilal/altera_lite/16.0/nios2eds/bin/gnu/H-x86_64-pc-linux-gnu/bin/../lib/gcc/nios2-elf/5.2.0/mno-hw-mul/libgcc.a(lib2-mul.o)
 .debug_frame   0x0000000000000650       0x2c ../MTL_bsp//libhal_bsp.a(alt_exit.o)

.debug_str      0x0000000000000000     0x112c
 *(.debug_str)
 .debug_str     0x0000000000000000       0xe6 obj/default/MTL.o
                                        0x124 (size before relaxing)
 .debug_str     0x00000000000000e6      0x16f ../MTL_bsp//libhal_bsp.a(alt_load.o)
                                        0x20d (size before relaxing)
 .debug_str     0x0000000000000255       0x70 ../MTL_bsp//libhal_bsp.a(alt_main.o)
                                        0x198 (size before relaxing)
 .debug_str     0x00000000000002c5      0x191 ../MTL_bsp//libhal_bsp.a(alt_sys_init.o)
                                        0x307 (size before relaxing)
 .debug_str     0x0000000000000456       0x77 ../MTL_bsp//libhal_bsp.a(altera_avalon_jtag_uart_fd.o)
                                        0x2d0 (size before relaxing)
 .debug_str     0x00000000000004cd       0x48 ../MTL_bsp//libhal_bsp.a(altera_avalon_jtag_uart_read.o)
                                        0x21a (size before relaxing)
 .debug_str     0x0000000000000515       0x4a ../MTL_bsp//libhal_bsp.a(altera_avalon_jtag_uart_write.o)
                                        0x210 (size before relaxing)
 .debug_str     0x000000000000055f       0x27 ../MTL_bsp//libhal_bsp.a(altera_avalon_timer_vars.o)
                                        0x1b4 (size before relaxing)
 .debug_str     0x0000000000000586       0x44 ../MTL_bsp//libhal_bsp.a(alt_close.o)
                                        0x206 (size before relaxing)
 .debug_str     0x00000000000005ca       0x34 ../MTL_bsp//libhal_bsp.a(alt_dcache_flush_all.o)
                                        0x150 (size before relaxing)
 .debug_str     0x00000000000005fe      0x120 ../MTL_bsp//libhal_bsp.a(alt_dev.o)
                                        0x300 (size before relaxing)
 .debug_str     0x000000000000071e       0x4b ../MTL_bsp//libhal_bsp.a(alt_dev_llist_insert.o)
                                        0x1c7 (size before relaxing)
 .debug_str     0x0000000000000769       0x14 ../MTL_bsp//libhal_bsp.a(alt_errno.o)
                                        0x140 (size before relaxing)
 .debug_str     0x000000000000077d       0x34 ../MTL_bsp//libhal_bsp.a(alt_icache_flush_all.o)
                                        0x150 (size before relaxing)
 .debug_str     0x00000000000007b1       0x56 ../MTL_bsp//libhal_bsp.a(alt_io_redirect.o)
                                        0x311 (size before relaxing)
 .debug_str     0x0000000000000807       0x36 ../MTL_bsp//libhal_bsp.a(alt_open.o)
                                        0x246 (size before relaxing)
 .debug_str     0x000000000000083d       0x28 ../MTL_bsp//libhal_bsp.a(alt_release_fd.o)
                                        0x1ce (size before relaxing)
 .debug_str     0x0000000000000865       0x3b ../MTL_bsp//libhal_bsp.a(altera_nios2_gen2_irq.o)
                                        0x157 (size before relaxing)
 .debug_str     0x00000000000008a0       0x24 ../MTL_bsp//libhal_bsp.a(alt_find_dev.o)
                                        0x1e7 (size before relaxing)
 .debug_str     0x00000000000008c4       0x26 ../MTL_bsp//libhal_bsp.a(alt_find_file.o)
                                        0x1f5 (size before relaxing)
 .debug_str     0x00000000000008ea       0x30 ../MTL_bsp//libhal_bsp.a(alt_get_fd.o)
                                        0x217 (size before relaxing)
 .debug_str     0x000000000000091a      0x143 /home/bilal/altera_lite/16.0/nios2eds/bin/gnu/H-x86_64-pc-linux-gnu/bin/../lib/gcc/nios2-elf/5.2.0/../../../../../H-x86_64-pc-linux-gnu/nios2-elf/lib/mno-hw-mul/libsmallc.a(lib_a-exit.o)
                                        0x1f1 (size before relaxing)
 .debug_str     0x0000000000000a5d       0xd4 /home/bilal/altera_lite/16.0/nios2eds/bin/gnu/H-x86_64-pc-linux-gnu/bin/../lib/gcc/nios2-elf/5.2.0/../../../../../H-x86_64-pc-linux-gnu/nios2-elf/lib/mno-hw-mul/libsmallc.a(lib_a-int_errno.o)
                                        0x1d9 (size before relaxing)
 .debug_str     0x0000000000000b31       0xe1 /home/bilal/altera_lite/16.0/nios2eds/bin/gnu/H-x86_64-pc-linux-gnu/bin/../lib/gcc/nios2-elf/5.2.0/../../../../../H-x86_64-pc-linux-gnu/nios2-elf/lib/mno-hw-mul/libsmallc.a(lib_a-memcmp.o)
                                        0x1e0 (size before relaxing)
 .debug_str     0x0000000000000c12       0x44 /home/bilal/altera_lite/16.0/nios2eds/bin/gnu/H-x86_64-pc-linux-gnu/bin/../lib/gcc/nios2-elf/5.2.0/../../../../../H-x86_64-pc-linux-gnu/nios2-elf/lib/mno-hw-mul/libsmallc.a(lib_a-strlen.o)
                                        0x1e6 (size before relaxing)
 .debug_str     0x0000000000000c56      0x31b /home/bilal/altera_lite/16.0/nios2eds/bin/gnu/H-x86_64-pc-linux-gnu/bin/../lib/gcc/nios2-elf/5.2.0/../../../../../H-x86_64-pc-linux-gnu/nios2-elf/lib/mno-hw-mul/libsmallc.a(lib_a-__call_atexit.o)
                                        0x4ec (size before relaxing)
 .debug_str     0x0000000000000f71       0x48 /home/bilal/altera_lite/16.0/nios2eds/bin/gnu/H-x86_64-pc-linux-gnu/bin/../lib/gcc/nios2-elf/5.2.0/../../../../../H-x86_64-pc-linux-gnu/nios2-elf/lib/mno-hw-mul/libsmallc.a(lib_a-impure.o)
                                        0x4bf (size before relaxing)
 .debug_str     0x0000000000000fb9      0x149 /home/bilal/altera_lite/16.0/nios2eds/bin/gnu/H-x86_64-pc-linux-gnu/bin/../lib/gcc/nios2-elf/5.2.0/mno-hw-mul/libgcc.a(lib2-mul.o)
                                        0x194 (size before relaxing)
 .debug_str     0x0000000000001102       0x2a ../MTL_bsp//libhal_bsp.a(alt_exit.o)
                                        0x14c (size before relaxing)

.debug_loc      0x0000000000000000      0x2ba
 *(.debug_loc)
 .debug_loc     0x0000000000000000       0x1e /home/bilal/altera_lite/16.0/nios2eds/bin/gnu/H-x86_64-pc-linux-gnu/bin/../lib/gcc/nios2-elf/5.2.0/../../../../../H-x86_64-pc-linux-gnu/nios2-elf/lib/mno-hw-mul/libsmallc.a(lib_a-exit.o)
 .debug_loc     0x000000000000001e       0x94 /home/bilal/altera_lite/16.0/nios2eds/bin/gnu/H-x86_64-pc-linux-gnu/bin/../lib/gcc/nios2-elf/5.2.0/../../../../../H-x86_64-pc-linux-gnu/nios2-elf/lib/mno-hw-mul/libsmallc.a(lib_a-memcmp.o)
 .debug_loc     0x00000000000000b2       0x1e /home/bilal/altera_lite/16.0/nios2eds/bin/gnu/H-x86_64-pc-linux-gnu/bin/../lib/gcc/nios2-elf/5.2.0/../../../../../H-x86_64-pc-linux-gnu/nios2-elf/lib/mno-hw-mul/libsmallc.a(lib_a-strlen.o)
 .debug_loc     0x00000000000000d0      0x157 /home/bilal/altera_lite/16.0/nios2eds/bin/gnu/H-x86_64-pc-linux-gnu/bin/../lib/gcc/nios2-elf/5.2.0/../../../../../H-x86_64-pc-linux-gnu/nios2-elf/lib/mno-hw-mul/libsmallc.a(lib_a-__call_atexit.o)
 .debug_loc     0x0000000000000227       0x93 /home/bilal/altera_lite/16.0/nios2eds/bin/gnu/H-x86_64-pc-linux-gnu/bin/../lib/gcc/nios2-elf/5.2.0/mno-hw-mul/libgcc.a(lib2-mul.o)

.debug_macinfo
 *(.debug_macinfo)

.debug_weaknames
 *(.debug_weaknames)

.debug_funcnames
 *(.debug_funcnames)

.debug_typenames
 *(.debug_typenames)

.debug_varnames
 *(.debug_varnames)

.debug_alt_sim_info
                0x0000000000000000       0x10
 *(.debug_alt_sim_info)
 .debug_alt_sim_info
                0x0000000000000000       0x10 ../MTL_bsp//obj/HAL/src/crt0.o
                0x000000000000c000                __alt_data_end = 0xc000
                0x000000000000c000                PROVIDE (__alt_stack_pointer, __alt_data_end)
                [!provide]                        PROVIDE (__alt_stack_limit, __alt_stack_base)
                [!provide]                        PROVIDE (__alt_heap_start, end)
                [!provide]                        PROVIDE (__alt_heap_limit, 0xc000)
OUTPUT(MTL.elf elf32-littlenios2)

.debug_ranges   0x0000000000000000       0x90
 .debug_ranges  0x0000000000000000       0x20 ../MTL_bsp//obj/HAL/src/crt0.o
 .debug_ranges  0x0000000000000020       0x18 ../MTL_bsp//libhal_bsp.a(altera_avalon_jtag_uart_read.o)
 .debug_ranges  0x0000000000000038       0x10 /home/bilal/altera_lite/16.0/nios2eds/bin/gnu/H-x86_64-pc-linux-gnu/bin/../lib/gcc/nios2-elf/5.2.0/../../../../../H-x86_64-pc-linux-gnu/nios2-elf/lib/mno-hw-mul/libsmallc.a(lib_a-exit.o)
 .debug_ranges  0x0000000000000048       0x10 /home/bilal/altera_lite/16.0/nios2eds/bin/gnu/H-x86_64-pc-linux-gnu/bin/../lib/gcc/nios2-elf/5.2.0/../../../../../H-x86_64-pc-linux-gnu/nios2-elf/lib/mno-hw-mul/libsmallc.a(lib_a-memcmp.o)
 .debug_ranges  0x0000000000000058       0x10 /home/bilal/altera_lite/16.0/nios2eds/bin/gnu/H-x86_64-pc-linux-gnu/bin/../lib/gcc/nios2-elf/5.2.0/../../../../../H-x86_64-pc-linux-gnu/nios2-elf/lib/mno-hw-mul/libsmallc.a(lib_a-strlen.o)
 .debug_ranges  0x0000000000000068       0x28 /home/bilal/altera_lite/16.0/nios2eds/bin/gnu/H-x86_64-pc-linux-gnu/bin/../lib/gcc/nios2-elf/5.2.0/../../../../../H-x86_64-pc-linux-gnu/nios2-elf/lib/mno-hw-mul/libsmallc.a(lib_a-__call_atexit.o)
